Reusing configuration cache.
> Task :app:preBuild UP-TO-DATE
> Task :app:preDebugBuild UP-TO-DATE
> Task :core:model:jvmProcessResources NO-SOURCE
> Task :core:model:processJvmMainResources SKIPPED
> Task :core:engines:jvmProcessResources NO-SOURCE
> Task :app:mergeDebugNativeDebugMetadata NO-SOURCE
> Task :core:common:jvmProcessResources NO-SOURCE
> Task :core:testing:jvmProcessResources NO-SOURCE
> Task :core:engines:processJvmMainResources SKIPPED
> Task :core:testing:processJvmMainResources SKIPPED
> Task :core:common:processJvmMainResources SKIPPED
> Task :core:model:kmpPartiallyResolvedDependenciesChecker
> Task :core:model:checkKotlinGradlePluginConfigurationErrors SKIPPED
> Task :core:testing:kmpPartiallyResolvedDependenciesChecker
> Task :core:datastore:kmpPartiallyResolvedDependenciesChecker
> Task :core:testing:checkKotlinGradlePluginConfigurationErrors SKIPPED
> Task :core:datastore:checkKotlinGradlePluginConfigurationErrors SKIPPED
> Task :core:common:kmpPartiallyResolvedDependenciesChecker
> Task :core:common:checkKotlinGradlePluginConfigurationErrors SKIPPED
> Task :core:engines:kmpPartiallyResolvedDependenciesChecker
> Task :core:ports:kmpPartiallyResolvedDependenciesChecker
> Task :core:engines:checkKotlinGradlePluginConfigurationErrors SKIPPED
> Task :core:ports:checkKotlinGradlePluginConfigurationErrors SKIPPED
> Task :core:documents:kmpPartiallyResolvedDependenciesChecker
> Task :core:documents:checkKotlinGradlePluginConfigurationErrors SKIPPED
> Task :core:ai:androidPreBuild UP-TO-DATE
> Task :core:ai:preAndroidMainBuild UP-TO-DATE
> Task :core:datastore:jvmProcessResources NO-SOURCE
> Task :app:generateDebugResources UP-TO-DATE
> Task :core:ports:jvmProcessResources NO-SOURCE
> Task :core:datastore:processJvmMainResources SKIPPED
> Task :core:ports:processJvmMainResources SKIPPED
> Task :core:database:androidPreBuild UP-TO-DATE
> Task :core:database:preAndroidMainBuild UP-TO-DATE
> Task :core:data:androidPreBuild UP-TO-DATE
> Task :core:documents:jvmProcessResources UP-TO-DATE
> Task :core:data:preAndroidMainBuild UP-TO-DATE
> Task :core:documents:processJvmMainResources SKIPPED
> Task :core:ai:generateAndroidMainEmptyResourceFiles UP-TO-DATE
> Task :core:designsystem:preBuild UP-TO-DATE
> Task :core:designsystem:preDebugBuild UP-TO-DATE
> Task :core:consent:jvmProcessResources NO-SOURCE
> Task :core:consent:kmpPartiallyResolvedDependenciesChecker
> Task :core:consent:processJvmMainResources SKIPPED
> Task :core:consent:checkKotlinGradlePluginConfigurationErrors SKIPPED
> Task :core:media:preBuild UP-TO-DATE
> Task :core:media:preDebugBuild UP-TO-DATE
> Task :core:network:preBuild UP-TO-DATE
> Task :core:vault:androidPreBuild UP-TO-DATE
> Task :core:network:preDebugBuild UP-TO-DATE
> Task :app:packageDebugResources UP-TO-DATE
> Task :core:vault:preAndroidMainBuild UP-TO-DATE
> Task :core:designsystem:processDebugNavigationResources UP-TO-DATE
> Task :feature:f01-onboarding:preBuild UP-TO-DATE
> Task :feature:f02-food:preBuild UP-TO-DATE
> Task :core:database:generateAndroidMainEmptyResourceFiles UP-TO-DATE
> Task :feature:f01-onboarding:preDebugBuild UP-TO-DATE
> Task :feature:f02-food:preDebugBuild UP-TO-DATE
> Task :core:data:generateAndroidMainEmptyResourceFiles UP-TO-DATE
> Task :feature:f03-planning:preBuild UP-TO-DATE
> Task :feature:f03-planning:preDebugBuild UP-TO-DATE
> Task :feature:f04-shopping:preBuild UP-TO-DATE
> Task :feature:f04-shopping:preDebugBuild UP-TO-DATE
> Task :core:media:processDebugNavigationResources UP-TO-DATE
> Task :feature:f03-planning:processDebugNavigationResources UP-TO-DATE
> Task :feature:f01-onboarding:processDebugNavigationResources UP-TO-DATE
> Task :core:model:compileKotlinJvm UP-TO-DATE
> Task :core:network:processDebugNavigationResources UP-TO-DATE
> Task :feature:f12-consent:preBuild UP-TO-DATE
> Task :feature:f02-food:processDebugNavigationResources UP-TO-DATE
> Task :feature:f10-daily-hub:preBuild UP-TO-DATE
> Task :feature:f04-shopping:processDebugNavigationResources UP-TO-DATE
> Task :feature:f12-consent:preDebugBuild UP-TO-DATE
> Task :feature:f10-daily-hub:preDebugBuild UP-TO-DATE
> Task :core:vault:generateAndroidMainEmptyResourceFiles UP-TO-DATE
> Task :feature:f13-vault:preBuild UP-TO-DATE
> Task :feature:f13-vault:preDebugBuild UP-TO-DATE
> Task :feature:f06-weight:preBuild UP-TO-DATE
> Task :feature:f06-weight:preDebugBuild UP-TO-DATE
> Task :feature:f13-vault:processDebugNavigationResources UP-TO-DATE
> Task :core:model:compileJvmMainJava NO-SOURCE
> Task :core:model:jvmMainClasses UP-TO-DATE
> Task :core:data:kmpPartiallyResolvedDependenciesChecker
> Task :feature:f06-weight:processDebugNavigationResources UP-TO-DATE
> Task :core:ai:kmpPartiallyResolvedDependenciesChecker
> Task :core:ai:checkKotlinGradlePluginConfigurationErrors SKIPPED
> Task :feature:f12-consent:processDebugNavigationResources UP-TO-DATE
> Task :feature:f10-daily-hub:processDebugNavigationResources UP-TO-DATE
> Task :core:designsystem:javaPreCompileDebug UP-TO-DATE
> Task :core:designsystem:generateDebugResources UP-TO-DATE
> Task :core:media:javaPreCompileDebug UP-TO-DATE
> Task :core:model:jvmJar UP-TO-DATE
> Task :core:designsystem:packageDebugResources UP-TO-DATE
> Task :core:media:generateDebugResources UP-TO-DATE
> Task :core:network:generateDebugResources UP-TO-DATE
> Task :core:database:kmpPartiallyResolvedDependenciesChecker
> Task :core:ports:compileKotlinJvm UP-TO-DATE
> Task :core:data:checkKotlinGradlePluginConfigurationErrors SKIPPED
> Task :core:ports:compileJvmMainJava NO-SOURCE
> Task :core:ports:jvmMainClasses UP-TO-DATE
> Task :core:database:kspAndroidMain UP-TO-DATE
> Task :core:database:checkKotlinGradlePluginConfigurationErrors SKIPPED
> Task :core:consent:compileKotlinJvm UP-TO-DATE
> Task :core:common:compileKotlinJvm UP-TO-DATE
> Task :core:common:compileJvmMainJava NO-SOURCE
> Task :core:common:jvmMainClasses UP-TO-DATE
> Task :core:database:kspKotlinJvm UP-TO-DATE
> Task :core:ports:jvmJar UP-TO-DATE
> Task :core:designsystem:parseDebugLocalResources UP-TO-DATE
> Task :core:consent:compileJvmMainJava NO-SOURCE
> Task :core:consent:jvmMainClasses UP-TO-DATE
> Task :core:database:jvmProcessResources NO-SOURCE
> Task :core:database:processJvmMainResources SKIPPED
> Task :core:common:jvmJar UP-TO-DATE
> Task :core:documents:compileKotlinJvm UP-TO-DATE
> Task :core:consent:jvmJar UP-TO-DATE
> Task :core:designsystem:generateDebugRFile UP-TO-DATE
> Task :core:documents:compileJvmMainJava NO-SOURCE
> Task :core:database:compileKotlinJvm UP-TO-DATE
> Task :core:documents:jvmMainClasses UP-TO-DATE
> Task :core:engines:compileKotlinJvm UP-TO-DATE
> Task :core:database:compileAndroidMain UP-TO-DATE
> Task :core:datastore:compileKotlinJvm UP-TO-DATE
> Task :core:database:compileJvmMainJava NO-SOURCE
> Task :core:database:jvmMainClasses UP-TO-DATE
> Task :core:engines:compileJvmMainJava NO-SOURCE
> Task :core:documents:jvmJar UP-TO-DATE
> Task :core:database:bundleAndroidMainClassesToCompileJar UP-TO-DATE
> Task :core:datastore:compileJvmMainJava NO-SOURCE
> Task :core:engines:jvmMainClasses UP-TO-DATE
> Task :core:datastore:jvmMainClasses UP-TO-DATE
> Task :core:engines:jvmJar UP-TO-DATE
> Task :core:datastore:jvmJar UP-TO-DATE
> Task :core:media:packageDebugResources UP-TO-DATE
> Task :core:network:packageDebugResources UP-TO-DATE
> Task :core:database:kspTestKotlinJvm UP-TO-DATE
> Task :core:database:copyRoomSchemas NO-SOURCE
> Task :core:network:javaPreCompileDebug UP-TO-DATE
> Task :core:media:parseDebugLocalResources UP-TO-DATE
> Task :core:network:parseDebugLocalResources UP-TO-DATE
> Task :core:vault:kmpPartiallyResolvedDependenciesChecker
> Task :core:vault:checkKotlinGradlePluginConfigurationErrors SKIPPED
> Task :core:testing:compileKotlinJvm UP-TO-DATE
> Task :core:testing:compileJvmMainJava NO-SOURCE
> Task :core:testing:jvmMainClasses UP-TO-DATE
> Task :core:media:generateDebugRFile UP-TO-DATE
> Task :core:network:generateDebugRFile UP-TO-DATE
> Task :feature:f01-onboarding:generateDebugResources UP-TO-DATE
> Task :core:testing:jvmJar UP-TO-DATE
> Task :app:processDebugNavigationResources UP-TO-DATE
> Task :core:data:compileAndroidMain UP-TO-DATE
> Task :app:parseDebugLocalResources UP-TO-DATE
> Task :feature:f01-onboarding:javaPreCompileDebug UP-TO-DATE
> Task :core:media:compileDebugKotlin UP-TO-DATE
> Task :core:ai:compileAndroidMain UP-TO-DATE
> Task :feature:f01-onboarding:packageDebugResources UP-TO-DATE
> Task :core:ai:bundleAndroidMainClassesToCompileJar UP-TO-DATE
> Task :app:generateDebugRFile UP-TO-DATE
> Task :core:network:compileDebugKotlin UP-TO-DATE
> Task :core:media:compileDebugJavaWithJavac NO-SOURCE
> Task :feature:f01-onboarding:parseDebugLocalResources UP-TO-DATE
> Task :core:media:bundleLibCompileToJarDebug UP-TO-DATE
> Task :feature:f01-onboarding:generateDebugRFile UP-TO-DATE
> Task :feature:f02-food:javaPreCompileDebug UP-TO-DATE
> Task :feature:f02-food:generateDebugResources UP-TO-DATE
> Task :feature:f03-planning:generateDebugResources UP-TO-DATE
> Task :feature:f03-planning:javaPreCompileDebug UP-TO-DATE
> Task :feature:f02-food:packageDebugResources UP-TO-DATE
> Task :feature:f04-shopping:javaPreCompileDebug UP-TO-DATE
> Task :core:network:compileDebugJavaWithJavac NO-SOURCE
> Task :feature:f02-food:parseDebugLocalResources UP-TO-DATE
> Task :core:network:bundleLibCompileToJarDebug UP-TO-DATE
> Task :feature:f04-shopping:generateDebugResources UP-TO-DATE
> Task :feature:f06-weight:generateDebugResources UP-TO-DATE
> Task :feature:f06-weight:javaPreCompileDebug UP-TO-DATE
> Task :feature:f03-planning:packageDebugResources UP-TO-DATE
> Task :feature:f10-daily-hub:generateDebugResources UP-TO-DATE
> Task :feature:f10-daily-hub:javaPreCompileDebug UP-TO-DATE
> Task :feature:f02-food:generateDebugRFile UP-TO-DATE
> Task :feature:f04-shopping:packageDebugResources UP-TO-DATE
> Task :feature:f03-planning:parseDebugLocalResources UP-TO-DATE
> Task :feature:f06-weight:packageDebugResources UP-TO-DATE
> Task :feature:f12-consent:generateDebugResources UP-TO-DATE
> Task :feature:f12-consent:javaPreCompileDebug UP-TO-DATE
> Task :feature:f04-shopping:parseDebugLocalResources UP-TO-DATE
> Task :feature:f06-weight:parseDebugLocalResources UP-TO-DATE
> Task :feature:f10-daily-hub:packageDebugResources UP-TO-DATE
> Task :feature:f03-planning:generateDebugRFile UP-TO-DATE
> Task :feature:f10-daily-hub:parseDebugLocalResources UP-TO-DATE
> Task :feature:f13-vault:generateDebugResources UP-TO-DATE
> Task :feature:f13-vault:javaPreCompileDebug UP-TO-DATE
> Task :feature:f06-weight:generateDebugRFile UP-TO-DATE
> Task :app:generateDebugAssets UP-TO-DATE
> Task :core:designsystem:generateDebugAssets UP-TO-DATE
> Task :feature:f12-consent:packageDebugResources UP-TO-DATE
> Task :feature:f04-shopping:generateDebugRFile UP-TO-DATE
> Task :core:media:generateDebugAssets UP-TO-DATE
> Task :core:designsystem:mergeDebugAssets UP-TO-DATE
> Task :core:media:mergeDebugAssets UP-TO-DATE
> Task :app:javaPreCompileDebug UP-TO-DATE
> Task :core:network:generateDebugAssets UP-TO-DATE
> Task :feature:f12-consent:parseDebugLocalResources UP-TO-DATE
> Task :feature:f10-daily-hub:generateDebugRFile UP-TO-DATE
> Task :feature:f13-vault:packageDebugResources UP-TO-DATE
> Task :feature:f02-food:generateDebugAssets UP-TO-DATE
> Task :core:network:mergeDebugAssets UP-TO-DATE
> Task :feature:f03-planning:generateDebugAssets UP-TO-DATE
> Task :feature:f01-onboarding:generateDebugAssets UP-TO-DATE
> Task :feature:f12-consent:generateDebugRFile UP-TO-DATE
> Task :feature:f02-food:mergeDebugAssets UP-TO-DATE
> Task :feature:f04-shopping:generateDebugAssets UP-TO-DATE
> Task :feature:f04-shopping:mergeDebugAssets UP-TO-DATE
> Task :feature:f06-weight:generateDebugAssets UP-TO-DATE
> Task :feature:f03-planning:mergeDebugAssets UP-TO-DATE
> Task :feature:f10-daily-hub:generateDebugAssets UP-TO-DATE
> Task :feature:f06-weight:mergeDebugAssets UP-TO-DATE
> Task :feature:f12-consent:generateDebugAssets UP-TO-DATE
> Task :feature:f10-daily-hub:mergeDebugAssets UP-TO-DATE
> Task :feature:f13-vault:generateDebugAssets UP-TO-DATE
> Task :feature:f12-consent:mergeDebugAssets UP-TO-DATE
> Task :feature:f13-vault:mergeDebugAssets UP-TO-DATE
> Task :app:generateDebugGlobalSynthetics UP-TO-DATE
> Task :core:ai:processAndroidMainJavaRes UP-TO-DATE
> Task :core:database:processAndroidMainJavaRes UP-TO-DATE
> Task :core:network:processDebugJavaRes UP-TO-DATE
> Task :core:media:processDebugJavaRes UP-TO-DATE
> Task :core:data:processAndroidMainJavaRes UP-TO-DATE
> Task :app:desugarDebugFileDependencies UP-TO-DATE
> Task :feature:f13-vault:parseDebugLocalResources UP-TO-DATE
> Task :feature:f01-onboarding:mergeDebugAssets UP-TO-DATE
> Task :feature:f13-vault:generateDebugRFile UP-TO-DATE
> Task :core:network:bundleLibRuntimeToDirDebug UP-TO-DATE
> Task :core:database:bundleLibRuntimeToDirAndroidMain UP-TO-DATE
> Task :core:media:bundleLibRuntimeToDirDebug UP-TO-DATE
> Task :core:ai:bundleLibRuntimeToDirAndroidMain UP-TO-DATE
> Task :app:checkDebugDuplicateClasses UP-TO-DATE
> Task :core:ai:writeAndroidMainAarMetadata UP-TO-DATE
> Task :core:data:writeAndroidMainAarMetadata UP-TO-DATE
> Task :core:database:writeAndroidMainAarMetadata UP-TO-DATE
> Task :core:designsystem:writeDebugAarMetadata UP-TO-DATE
> Task :core:media:writeDebugAarMetadata UP-TO-DATE
> Task :core:vault:writeAndroidMainAarMetadata UP-TO-DATE
> Task :feature:f01-onboarding:writeDebugAarMetadata UP-TO-DATE
> Task :core:network:writeDebugAarMetadata UP-TO-DATE
> Task :feature:f02-food:writeDebugAarMetadata UP-TO-DATE
> Task :feature:f06-weight:writeDebugAarMetadata UP-TO-DATE
> Task :feature:f04-shopping:writeDebugAarMetadata UP-TO-DATE
> Task :feature:f03-planning:writeDebugAarMetadata UP-TO-DATE
> Task :feature:f10-daily-hub:writeDebugAarMetadata UP-TO-DATE
> Task :feature:f12-consent:writeDebugAarMetadata UP-TO-DATE
> Task :feature:f13-vault:writeDebugAarMetadata UP-TO-DATE
> Task :app:mapDebugSourceSetPaths UP-TO-DATE
> Task :app:compileDebugNavigationResources UP-TO-DATE
> Task :app:createDebugCompatibleScreenManifests UP-TO-DATE
> Task :app:mergeDebugAssets UP-TO-DATE
> Task :app:extractDeepLinksDebug UP-TO-DATE
> Task :app:compressDebugAssets UP-TO-DATE
> Task :app:mergeExtDexDebug UP-TO-DATE
> Task :app:mergeDebugResources UP-TO-DATE
> Task :core:ai:processAndroidMainManifest UP-TO-DATE
> Task :core:data:processAndroidMainManifest UP-TO-DATE
> Task :core:database:processAndroidMainManifest UP-TO-DATE
> Task :core:designsystem:extractDeepLinksDebug UP-TO-DATE
> Task :core:media:extractDeepLinksDebug UP-TO-DATE
> Task :app:checkDebugAarMetadata UP-TO-DATE
> Task :core:network:extractDeepLinksDebug UP-TO-DATE
> Task :core:designsystem:processDebugManifest UP-TO-DATE
> Task :feature:f01-onboarding:extractDeepLinksDebug UP-TO-DATE
> Task :core:media:processDebugManifest UP-TO-DATE
> Task :feature:f02-food:extractDeepLinksDebug UP-TO-DATE
> Task :core:network:processDebugManifest UP-TO-DATE
> Task :core:vault:processAndroidMainManifest UP-TO-DATE
> Task :feature:f01-onboarding:processDebugManifest UP-TO-DATE
> Task :feature:f04-shopping:extractDeepLinksDebug UP-TO-DATE
> Task :feature:f02-food:processDebugManifest UP-TO-DATE
> Task :feature:f03-planning:extractDeepLinksDebug UP-TO-DATE
> Task :feature:f06-weight:extractDeepLinksDebug UP-TO-DATE
> Task :feature:f10-daily-hub:extractDeepLinksDebug UP-TO-DATE
> Task :feature:f03-planning:processDebugManifest UP-TO-DATE
> Task :feature:f04-shopping:processDebugManifest UP-TO-DATE
> Task :feature:f10-daily-hub:processDebugManifest UP-TO-DATE
> Task :feature:f06-weight:processDebugManifest UP-TO-DATE
> Task :feature:f12-consent:extractDeepLinksDebug UP-TO-DATE
> Task :core:designsystem:mapDebugSourceSetPaths UP-TO-DATE
> Task :core:media:mapDebugSourceSetPaths UP-TO-DATE
> Task :feature:f13-vault:extractDeepLinksDebug UP-TO-DATE
> Task :core:designsystem:compileDebugLibraryResources UP-TO-DATE
> Task :core:network:mapDebugSourceSetPaths UP-TO-DATE
> Task :feature:f01-onboarding:mapDebugSourceSetPaths UP-TO-DATE
> Task :core:media:compileDebugLibraryResources UP-TO-DATE
> Task :core:network:compileDebugLibraryResources UP-TO-DATE
> Task :feature:f01-onboarding:compileDebugLibraryResources UP-TO-DATE
> Task :feature:f12-consent:processDebugManifest UP-TO-DATE
> Task :feature:f02-food:mapDebugSourceSetPaths UP-TO-DATE
> Task :feature:f13-vault:processDebugManifest UP-TO-DATE
> Task :feature:f03-planning:mapDebugSourceSetPaths UP-TO-DATE
> Task :feature:f04-shopping:mapDebugSourceSetPaths UP-TO-DATE
> Task :feature:f06-weight:mapDebugSourceSetPaths UP-TO-DATE
> Task :feature:f02-food:compileDebugLibraryResources UP-TO-DATE
> Task :feature:f03-planning:compileDebugLibraryResources UP-TO-DATE
> Task :feature:f04-shopping:compileDebugLibraryResources UP-TO-DATE
> Task :feature:f06-weight:compileDebugLibraryResources UP-TO-DATE
> Task :feature:f13-vault:mapDebugSourceSetPaths UP-TO-DATE
> Task :feature:f10-daily-hub:mapDebugSourceSetPaths UP-TO-DATE
> Task :feature:f12-consent:mapDebugSourceSetPaths UP-TO-DATE
> Task :app:mergeDebugJniLibFolders UP-TO-DATE
> Task :feature:f10-daily-hub:compileDebugLibraryResources UP-TO-DATE
> Task :feature:f13-vault:compileDebugLibraryResources UP-TO-DATE
> Task :core:data:mergeAndroidMainJniLibFolders UP-TO-DATE
> Task :core:database:mergeAndroidMainJniLibFolders UP-TO-DATE
> Task :feature:f12-consent:compileDebugLibraryResources UP-TO-DATE
> Task :core:data:mergeAndroidMainNativeLibs NO-SOURCE
> Task :core:designsystem:mergeDebugJniLibFolders UP-TO-DATE
> Task :core:database:mergeAndroidMainNativeLibs NO-SOURCE
> Task :core:ai:mergeAndroidMainJniLibFolders UP-TO-DATE
> Task :core:data:copyAndroidMainJniLibsProjectOnly UP-TO-DATE
> Task :core:designsystem:mergeDebugNativeLibs NO-SOURCE
> Task :core:database:copyAndroidMainJniLibsProjectOnly UP-TO-DATE
> Task :core:ai:mergeAndroidMainNativeLibs NO-SOURCE
> Task :core:network:mergeDebugJniLibFolders UP-TO-DATE
> Task :core:network:mergeDebugNativeLibs NO-SOURCE
> Task :core:designsystem:copyDebugJniLibsProjectOnly UP-TO-DATE
> Task :core:media:mergeDebugJniLibFolders UP-TO-DATE
> Task :core:ai:copyAndroidMainJniLibsProjectOnly UP-TO-DATE
> Task :core:media:mergeDebugNativeLibs NO-SOURCE
> Task :core:network:copyDebugJniLibsProjectOnly UP-TO-DATE
> Task :core:vault:mergeAndroidMainJniLibFolders UP-TO-DATE
> Task :feature:f01-onboarding:mergeDebugJniLibFolders UP-TO-DATE
> Task :core:media:copyDebugJniLibsProjectOnly UP-TO-DATE
> Task :core:vault:mergeAndroidMainNativeLibs NO-SOURCE
> Task :feature:f01-onboarding:mergeDebugNativeLibs NO-SOURCE
> Task :core:data:bundleLibRuntimeToDirAndroidMain
> Task :feature:f02-food:mergeDebugJniLibFolders UP-TO-DATE
> Task :feature:f02-food:mergeDebugNativeLibs NO-SOURCE
> Task :core:vault:copyAndroidMainJniLibsProjectOnly UP-TO-DATE
> Task :feature:f03-planning:mergeDebugJniLibFolders UP-TO-DATE
> Task :feature:f01-onboarding:copyDebugJniLibsProjectOnly UP-TO-DATE
> Task :feature:f02-food:copyDebugJniLibsProjectOnly UP-TO-DATE
> Task :feature:f04-shopping:mergeDebugJniLibFolders UP-TO-DATE
> Task :feature:f10-daily-hub:mergeDebugJniLibFolders UP-TO-DATE
> Task :feature:f03-planning:mergeDebugNativeLibs NO-SOURCE
> Task :feature:f03-planning:copyDebugJniLibsProjectOnly UP-TO-DATE
> Task :feature:f12-consent:mergeDebugJniLibFolders UP-TO-DATE
> Task :feature:f06-weight:mergeDebugJniLibFolders UP-TO-DATE
> Task :feature:f12-consent:mergeDebugNativeLibs NO-SOURCE
> Task :feature:f12-consent:copyDebugJniLibsProjectOnly UP-TO-DATE
> Task :feature:f10-daily-hub:mergeDebugNativeLibs NO-SOURCE
> Task :feature:f13-vault:mergeDebugJniLibFolders UP-TO-DATE
> Task :feature:f04-shopping:mergeDebugNativeLibs NO-SOURCE
> Task :feature:f10-daily-hub:copyDebugJniLibsProjectOnly UP-TO-DATE
> Task :feature:f06-weight:mergeDebugNativeLibs NO-SOURCE
> Task :app:validateSigningDebug UP-TO-DATE
> Task :feature:f06-weight:copyDebugJniLibsProjectOnly UP-TO-DATE
> Task :feature:f13-vault:mergeDebugNativeLibs NO-SOURCE
> Task :feature:f04-shopping:copyDebugJniLibsProjectOnly UP-TO-DATE
> Task :app:preDebugAndroidTestBuild SKIPPED
> Task :app:writeDebugSigningConfigVersions UP-TO-DATE
> Task :app:writeDebugAppMetadata UP-TO-DATE
> Task :feature:f13-vault:copyDebugJniLibsProjectOnly UP-TO-DATE
> Task :app:generateDebugAndroidTestResources UP-TO-DATE
> Task :app:javaPreCompileDebugAndroidTest UP-TO-DATE
> Task :app:processDebugAndroidTestNavigationResources UP-TO-DATE
> Task :app:generateDebugAndroidTestAssets UP-TO-DATE
> Task :app:generateDebugAndroidTestGlobalSynthetics UP-TO-DATE
> Task :app:packageDebugAndroidTestResources UP-TO-DATE
> Task :app:parseDebugAndroidTestLocalResources UP-TO-DATE
> Task :app:mergeDebugAndroidTestAssets UP-TO-DATE
> Task :app:compressDebugAndroidTestAssets UP-TO-DATE
> Task :app:generateDebugAndroidTestRFile UP-TO-DATE
> Task :app:desugarDebugAndroidTestFileDependencies UP-TO-DATE
> Task :app:mapDebugAndroidTestSourceSetPaths UP-TO-DATE
> Task :app:compileDebugAndroidTestNavigationResources UP-TO-DATE
> Task :app:checkDebugAndroidTestDuplicateClasses UP-TO-DATE
> Task :app:checkDebugAndroidTestAarMetadata UP-TO-DATE
> Task :app:mergeDebugAndroidTestResources UP-TO-DATE
> Task :app:mergeDebugAndroidTestJniLibFolders UP-TO-DATE
> Task :app:validateSigningDebugAndroidTest UP-TO-DATE
> Task :app:writeDebugAndroidTestSigningConfigVersions UP-TO-DATE
> Task :app:preDebugUnitTestBuild UP-TO-DATE
> Task :app:javaPreCompileDebugUnitTest UP-TO-DATE
> Task :core:ai:bundleAndroidMainClassesToRuntimeJar UP-TO-DATE
> Task :app:mergeDebugAndroidTestManifest UP-TO-DATE
> Task :app:mergeExtDexDebugAndroidTest UP-TO-DATE
> Task :app:processDebugAndroidTestManifest UP-TO-DATE
> Task :core:database:bundleAndroidMainClassesToRuntimeJar UP-TO-DATE
> Task :app:processDebugMainManifest UP-TO-DATE
> Task :core:media:bundleLibRuntimeToJarDebug UP-TO-DATE
> Task :core:network:bundleLibRuntimeToJarDebug UP-TO-DATE
> Task :app:processDebugManifest UP-TO-DATE
> Task :app:processDebugManifestForPackage UP-TO-DATE
> Task :core:database:jvmJar UP-TO-DATE
> Task :core:data:compileKotlinJvm UP-TO-DATE
> Task :core:data:compileJvmMainJava NO-SOURCE
> Task :core:data:jvmProcessResources UP-TO-DATE
> Task :core:data:processJvmMainResources SKIPPED
> Task :core:data:jvmMainClasses UP-TO-DATE
> Task :app:mergeDebugNativeLibs UP-TO-DATE
> Task :app:stripDebugDebugSymbols UP-TO-DATE
> Task :app:mergeDebugAndroidTestNativeLibs NO-SOURCE
> Task :app:stripDebugAndroidTestDebugSymbols NO-SOURCE
> Task :core:data:jvmTestProcessResources NO-SOURCE
> Task :core:data:processJvmTestResources SKIPPED
> Task :app:processDebugAndroidTestResources UP-TO-DATE
> Task :core:database:jvmTestProcessResources NO-SOURCE
> Task :core:database:processJvmTestResources SKIPPED
> Task :core:vault:jvmProcessResources NO-SOURCE
> Task :core:vault:processJvmMainResources SKIPPED
> Task :app:processDebugResources UP-TO-DATE
> Task :core:vault:jvmTestProcessResources UP-TO-DATE
> Task :core:vault:processJvmTestResources SKIPPED
> Task :core:engines:jvmTestProcessResources UP-TO-DATE
> Task :core:engines:processJvmTestResources SKIPPED
> Task :feature:f02-food:preDebugUnitTestBuild UP-TO-DATE
> Task :core:engines:compileTestKotlinJvm UP-TO-DATE
> Task :feature:f02-food:generateDebugUnitTestStubRFile UP-TO-DATE
> Task :feature:f02-food:javaPreCompileDebugUnitTest UP-TO-DATE
> Task :feature:f03-planning:preDebugUnitTestBuild UP-TO-DATE
> Task :core:engines:compileJvmTestJava NO-SOURCE
> Task :core:engines:jvmTestClasses UP-TO-DATE
> Task :core:engines:jvmTest UP-TO-DATE
> Task :feature:f03-planning:javaPreCompileDebugUnitTest UP-TO-DATE
> Task :feature:f10-daily-hub:preDebugUnitTestBuild UP-TO-DATE
> Task :core:database:compileTestKotlinJvm UP-TO-DATE
> Task :feature:f03-planning:generateDebugUnitTestStubRFile UP-TO-DATE
> Task :feature:f10-daily-hub:javaPreCompileDebugUnitTest UP-TO-DATE
> Task :feature:f10-daily-hub:generateDebugUnitTestStubRFile UP-TO-DATE
> Task :core:data:detekt NO-SOURCE
> Task :core:database:compileJvmTestJava NO-SOURCE
> Task :core:database:jvmTestClasses UP-TO-DATE
> Task :core:database:jvmTest UP-TO-DATE
> Task :checkResolvedEgressDependencies
> Task :app:preReleaseBuild UP-TO-DATE
> Task :app:createReleaseCompatibleScreenManifests UP-TO-DATE
> Task :app:extractDeepLinksRelease UP-TO-DATE
> Task :core:designsystem:preReleaseBuild UP-TO-DATE
> Task :core:designsystem:extractDeepLinksRelease UP-TO-DATE
> Task :core:designsystem:processReleaseManifest UP-TO-DATE
> Task :core:media:preReleaseBuild UP-TO-DATE
> Task :core:media:extractDeepLinksRelease UP-TO-DATE
> Task :core:media:processReleaseManifest UP-TO-DATE
> Task :core:network:preReleaseBuild UP-TO-DATE
> Task :core:network:extractDeepLinksRelease UP-TO-DATE
> Task :core:network:processReleaseManifest UP-TO-DATE
> Task :feature:f01-onboarding:preReleaseBuild UP-TO-DATE
> Task :feature:f01-onboarding:extractDeepLinksRelease UP-TO-DATE
> Task :feature:f01-onboarding:processReleaseManifest UP-TO-DATE
> Task :feature:f02-food:preReleaseBuild UP-TO-DATE
> Task :feature:f02-food:extractDeepLinksRelease UP-TO-DATE
> Task :feature:f02-food:processReleaseManifest UP-TO-DATE
> Task :feature:f03-planning:preReleaseBuild UP-TO-DATE
> Task :feature:f03-planning:extractDeepLinksRelease UP-TO-DATE
> Task :feature:f03-planning:processReleaseManifest UP-TO-DATE
> Task :feature:f04-shopping:preReleaseBuild UP-TO-DATE
> Task :feature:f04-shopping:extractDeepLinksRelease UP-TO-DATE
> Task :feature:f04-shopping:processReleaseManifest UP-TO-DATE
> Task :feature:f06-weight:preReleaseBuild UP-TO-DATE
> Task :feature:f06-weight:extractDeepLinksRelease UP-TO-DATE
> Task :feature:f06-weight:processReleaseManifest UP-TO-DATE
> Task :feature:f10-daily-hub:preReleaseBuild UP-TO-DATE
> Task :feature:f10-daily-hub:extractDeepLinksRelease UP-TO-DATE
> Task :feature:f10-daily-hub:processReleaseManifest UP-TO-DATE
> Task :feature:f12-consent:preReleaseBuild UP-TO-DATE
> Task :feature:f12-consent:extractDeepLinksRelease UP-TO-DATE
> Task :feature:f12-consent:processReleaseManifest UP-TO-DATE
> Task :feature:f13-vault:preReleaseBuild UP-TO-DATE
> Task :feature:f13-vault:extractDeepLinksRelease UP-TO-DATE
> Task :feature:f13-vault:processReleaseManifest UP-TO-DATE
> Task :app:processReleaseMainManifest UP-TO-DATE
> Task :app:processReleaseManifest UP-TO-DATE
> Task :core:data:bundleAndroidMainClassesToCompileJar
> Task :core:data:bundleAndroidMainClassesToRuntimeJar
> Task :benchmarks:checkResolvedEgressDependencies

> Task :app:checkMergedManifest
checkMergedManifest: debug + release manifests enforce D4 INTERNET and D10 no implicit backup/transfer; legacy and Android 12+ extraction rules exclude all 9 domains.

> Task :core:checkResolvedEgressDependencies
> Task :feature:checkResolvedEgressDependencies
> Task :core:common:checkResolvedEgressDependencies
> Task :core:consent:checkResolvedEgressDependencies
> Task :core:data:checkResolvedEgressDependencies
> Task :core:database:checkResolvedEgressDependencies
> Task :core:datastore:checkResolvedEgressDependencies
> Task :core:designsystem:checkResolvedEgressDependencies
> Task :core:ai:checkResolvedEgressDependencies
> Task :core:documents:checkResolvedEgressDependencies
> Task :core:engines:checkResolvedEgressDependencies
> Task :core:model:checkResolvedEgressDependencies
> Task :core:ports:checkResolvedEgressDependencies
> Task :core:testing:checkResolvedEgressDependencies
> Task :core:media:checkResolvedEgressDependencies
> Task :core:vault:checkResolvedEgressDependencies
> Task :feature:f01-onboarding:checkResolvedEgressDependencies
> Task :feature:f02-food:checkResolvedEgressDependencies
> Task :feature:f04-shopping:checkResolvedEgressDependencies
> Task :feature:f03-planning:checkResolvedEgressDependencies
> Task :feature:f06-weight:checkResolvedEgressDependencies
> Task :feature:f12-consent:checkResolvedEgressDependencies
> Task :feature:f13-vault:checkResolvedEgressDependencies
> Task :feature:f10-daily-hub:checkResolvedEgressDependencies
> Task :core:vault:compileAndroidMain UP-TO-DATE
> Task :core:vault:bundleAndroidMainClassesToCompileJar UP-TO-DATE
> Task :core:vault:bundleLibRuntimeToDirAndroidMain UP-TO-DATE
> Task :core:vault:processAndroidMainJavaRes UP-TO-DATE
> Task :core:vault:bundleAndroidMainClassesToRuntimeJar UP-TO-DATE
> Task :core:data:jvmJar
> Task :core:data:compileTestKotlinJvm UP-TO-DATE
> Task :core:data:compileJvmTestJava NO-SOURCE
> Task :core:data:jvmTestClasses UP-TO-DATE
> Task :core:vault:compileKotlinJvm UP-TO-DATE
> Task :core:vault:compileJvmMainJava NO-SOURCE
> Task :core:vault:jvmMainClasses UP-TO-DATE
> Task :core:vault:jvmJar UP-TO-DATE
> Task :core:vault:compileTestKotlinJvm UP-TO-DATE
> Task :core:vault:compileJvmTestJava NO-SOURCE
> Task :core:vault:jvmTestClasses UP-TO-DATE

> Task :checkArchitecture
checkArchitecture: OK — 28 projects, D1–D7 + D9 clean (169 dependency edges, 722 external artifacts scanned). uiAtoms: mode=enforce, 0 violation(s) across 0 module(s) (-Pwlo.uiAtoms=warn|enforce; WLO-0063).

> Task :core:designsystem:compileDebugKotlin
> Task :core:designsystem:compileDebugJavaWithJavac NO-SOURCE
> Task :core:designsystem:processDebugJavaRes UP-TO-DATE
> Task :core:designsystem:bundleLibRuntimeToDirDebug
> Task :core:designsystem:bundleLibRuntimeToJarDebug
> Task :core:designsystem:bundleLibCompileToJarDebug
> Task :feature:f02-food:compileDebugKotlin UP-TO-DATE
> Task :feature:f02-food:compileDebugJavaWithJavac NO-SOURCE
> Task :feature:f02-food:bundleLibCompileToJarDebug UP-TO-DATE
> Task :feature:f01-onboarding:compileDebugKotlin UP-TO-DATE
> Task :feature:f01-onboarding:compileDebugJavaWithJavac NO-SOURCE
> Task :feature:f01-onboarding:bundleLibCompileToJarDebug UP-TO-DATE
> Task :feature:f04-shopping:compileDebugKotlin UP-TO-DATE
> Task :feature:f04-shopping:compileDebugJavaWithJavac NO-SOURCE
> Task :feature:f04-shopping:bundleLibCompileToJarDebug UP-TO-DATE
> Task :feature:f06-weight:compileDebugKotlin UP-TO-DATE
> Task :feature:f06-weight:compileDebugJavaWithJavac NO-SOURCE
> Task :feature:f06-weight:bundleLibCompileToJarDebug UP-TO-DATE
> Task :feature:f10-daily-hub:compileDebugKotlin UP-TO-DATE
> Task :feature:f10-daily-hub:compileDebugJavaWithJavac NO-SOURCE
> Task :feature:f10-daily-hub:bundleLibCompileToJarDebug UP-TO-DATE
> Task :feature:f12-consent:compileDebugKotlin UP-TO-DATE
> Task :feature:f12-consent:compileDebugJavaWithJavac NO-SOURCE
> Task :feature:f12-consent:bundleLibCompileToJarDebug UP-TO-DATE
> Task :feature:f13-vault:compileDebugKotlin UP-TO-DATE
> Task :feature:f13-vault:compileDebugJavaWithJavac NO-SOURCE
> Task :feature:f13-vault:bundleLibCompileToJarDebug UP-TO-DATE
> Task :feature:f01-onboarding:processDebugJavaRes UP-TO-DATE
> Task :feature:f02-food:processDebugJavaRes UP-TO-DATE
> Task :feature:f04-shopping:processDebugJavaRes UP-TO-DATE
> Task :feature:f06-weight:processDebugJavaRes UP-TO-DATE
> Task :feature:f10-daily-hub:processDebugJavaRes UP-TO-DATE
> Task :feature:f12-consent:processDebugJavaRes UP-TO-DATE
> Task :feature:f13-vault:processDebugJavaRes UP-TO-DATE
> Task :feature:f01-onboarding:bundleLibRuntimeToDirDebug UP-TO-DATE
> Task :feature:f02-food:bundleLibRuntimeToDirDebug UP-TO-DATE
> Task :feature:f04-shopping:bundleLibRuntimeToDirDebug UP-TO-DATE
> Task :feature:f06-weight:bundleLibRuntimeToDirDebug UP-TO-DATE
> Task :feature:f10-daily-hub:bundleLibRuntimeToDirDebug UP-TO-DATE
> Task :feature:f12-consent:bundleLibRuntimeToDirDebug UP-TO-DATE
> Task :feature:f13-vault:bundleLibRuntimeToDirDebug UP-TO-DATE
> Task :feature:f01-onboarding:bundleLibRuntimeToJarDebug UP-TO-DATE
> Task :feature:f02-food:bundleLibRuntimeToJarDebug UP-TO-DATE
> Task :feature:f04-shopping:bundleLibRuntimeToJarDebug UP-TO-DATE
> Task :feature:f06-weight:bundleLibRuntimeToJarDebug UP-TO-DATE
> Task :feature:f10-daily-hub:bundleLibRuntimeToJarDebug UP-TO-DATE
> Task :feature:f12-consent:bundleLibRuntimeToJarDebug UP-TO-DATE
> Task :feature:f13-vault:bundleLibRuntimeToJarDebug UP-TO-DATE
> Task :feature:f10-daily-hub:compileDebugUnitTestKotlin UP-TO-DATE
> Task :feature:f02-food:compileDebugUnitTestKotlin UP-TO-DATE
> Task :feature:f10-daily-hub:compileDebugUnitTestJavaWithJavac NO-SOURCE
> Task :feature:f02-food:processDebugUnitTestJavaRes UP-TO-DATE
> Task :feature:f10-daily-hub:processDebugUnitTestJavaRes UP-TO-DATE
> Task :feature:f02-food:compileDebugUnitTestJavaWithJavac NO-SOURCE
> Task :feature:f03-planning:detekt
> Task :feature:f02-food:testDebugUnitTest
> Task :core:designsystem:detekt
> Task :feature:f10-daily-hub:testDebugUnitTest

> Task :feature:f03-planning:compileDebugKotlin
w: file:///Users/boyd/wip/wloss/feature/f03-planning/src/main/kotlin/app/wlo/feature/f03/planning/state/AgendaViewModel.kt:62:100 Redundant call of conversion method.

> Task :feature:f03-planning:compileDebugJavaWithJavac NO-SOURCE
> Task :feature:f03-planning:processDebugJavaRes UP-TO-DATE
> Task :feature:f03-planning:bundleLibCompileToJarDebug
> Task :feature:f03-planning:bundleLibRuntimeToJarDebug
> Task :feature:f03-planning:bundleLibRuntimeToDirDebug
> Task :feature:f03-planning:compileDebugUnitTestKotlin
> Task :feature:f03-planning:compileDebugUnitTestJavaWithJavac NO-SOURCE
> Task :feature:f03-planning:processDebugUnitTestJavaRes UP-TO-DATE
> Task :app:compileDebugKotlin
> Task :app:compileDebugJavaWithJavac NO-SOURCE
> Task :app:processDebugJavaRes UP-TO-DATE
> Task :app:bundleDebugClassesToCompileJar UP-TO-DATE
> Task :app:bundleDebugClassesToRuntimeJar UP-TO-DATE
> Task :app:dexBuilderDebug UP-TO-DATE
> Task :app:mergeProjectDexDebug UP-TO-DATE
> Task :app:mergeDebugJavaResource UP-TO-DATE
> Task :app:compileDebugUnitTestKotlin
> Task :app:compileDebugUnitTestJavaWithJavac NO-SOURCE
> Task :app:processDebugUnitTestJavaRes UP-TO-DATE
> Task :app:compileDebugAndroidTestKotlin
> Task :app:compileDebugAndroidTestJavaWithJavac NO-SOURCE
> Task :app:processDebugAndroidTestJavaRes UP-TO-DATE
> Task :app:dexBuilderDebugAndroidTest UP-TO-DATE
> Task :app:mergeProjectDexDebugAndroidTest UP-TO-DATE
> Task :app:mergeDebugAndroidTestJavaResource UP-TO-DATE
> Task :app:mergeLibDexDebugAndroidTest UP-TO-DATE
> Task :app:packageDebugAndroidTest UP-TO-DATE
> Task :app:assembleDebugAndroidTest UP-TO-DATE
> Task :app:createDebugAndroidTestApkListingFileRedirect UP-TO-DATE
> Task :feature:f03-planning:testDebugUnitTest
> Task :app:mergeLibDexDebug
> Task :app:packageDebug
> Task :app:assembleDebug
> Task :app:createDebugApkListingFileRedirect UP-TO-DATE
> Task :app:testDebugUnitTest
> Task :core:data:jvmTest
> Task :core:vault:jvmTest

[Incubating] Problems report is available at: file:///Users/boyd/wip/wloss/build/reports/problems/problems-report.html

BUILD SUCCESSFUL in 6s
441 actionable tasks: 66 executed, 375 up-to-date
Configuration cache entry reused.
