Calculating task graph as no cached configuration is available for tasks: :core:data:jvmTest ktlintCheck detekt
> Task :build-logic:checkKotlinGradlePluginConfigurationErrors SKIPPED
> Task :build-logic:generateExternalPluginSpecBuilders UP-TO-DATE
> Task :build-logic:extractPrecompiledScriptPluginPlugins UP-TO-DATE
> Task :build-logic:compilePluginsBlocks UP-TO-DATE
> Task :build-logic:generatePrecompiledScriptPluginAccessors UP-TO-DATE
> Task :build-logic:generateScriptPluginAdapters UP-TO-DATE
> Task :build-logic:compileKotlin UP-TO-DATE
> Task :build-logic:compileJava NO-SOURCE
> Task :build-logic:pluginDescriptors UP-TO-DATE
> Task :build-logic:processResources UP-TO-DATE
> Task :build-logic:classes UP-TO-DATE
> Task :build-logic:jar UP-TO-DATE
> Task :core:model:jvmProcessResources NO-SOURCE
> Task :core:consent:jvmProcessResources NO-SOURCE
> Task :core:common:jvmProcessResources NO-SOURCE
> Task :core:consent:processJvmMainResources SKIPPED
> Task :core:model:kmpPartiallyResolvedDependenciesChecker
> Task :core:data:kmpPartiallyResolvedDependenciesChecker
> Task :core:common:kmpPartiallyResolvedDependenciesChecker
> Task :core:consent:kmpPartiallyResolvedDependenciesChecker
> Task :core:database:kmpPartiallyResolvedDependenciesChecker
> Task :core:model:processJvmMainResources SKIPPED
> Task :core:database:checkKotlinGradlePluginConfigurationErrors SKIPPED
> Task :core:common:checkKotlinGradlePluginConfigurationErrors SKIPPED
> Task :core:common:processJvmMainResources SKIPPED
> Task :core:consent:checkKotlinGradlePluginConfigurationErrors SKIPPED
> Task :core:model:checkKotlinGradlePluginConfigurationErrors SKIPPED
> Task :core:datastore:kmpPartiallyResolvedDependenciesChecker
> Task :core:data:checkKotlinGradlePluginConfigurationErrors SKIPPED
> Task :core:datastore:checkKotlinGradlePluginConfigurationErrors SKIPPED
> Task :core:datastore:jvmProcessResources NO-SOURCE
> Task :core:datastore:processJvmMainResources SKIPPED
> Task :core:documents:kmpPartiallyResolvedDependenciesChecker
> Task :core:documents:jvmProcessResources UP-TO-DATE
> Task :core:documents:checkKotlinGradlePluginConfigurationErrors SKIPPED
> Task :core:testing:kmpPartiallyResolvedDependenciesChecker
> Task :core:testing:checkKotlinGradlePluginConfigurationErrors SKIPPED
> Task :core:testing:jvmProcessResources NO-SOURCE
> Task :core:documents:processJvmMainResources SKIPPED
> Task :core:testing:processJvmMainResources SKIPPED
> Task :core:data:jvmProcessResources UP-TO-DATE
> Task :core:engines:jvmProcessResources NO-SOURCE
> Task :core:engines:kmpPartiallyResolvedDependenciesChecker
> Task :core:data:jvmTestProcessResources NO-SOURCE
> Task :core:data:processJvmMainResources SKIPPED
> Task :core:data:processJvmTestResources SKIPPED
> Task :core:engines:checkKotlinGradlePluginConfigurationErrors SKIPPED
> Task :core:engines:processJvmMainResources SKIPPED
> Task :core:ai:loadKtlintReporters UP-TO-DATE
> Task :app:loadKtlintReporters UP-TO-DATE
> Task :core:consent:loadKtlintReporters UP-TO-DATE
> Task :core:database:loadKtlintReporters UP-TO-DATE
> Task :core:common:loadKtlintReporters UP-TO-DATE
> Task :app:runKtlintCheckOverAndroidTestBenchmarkSourceSet NO-SOURCE
> Task :app:runKtlintCheckOverAndroidTestReleaseSourceSet NO-SOURCE
> Task :benchmarks:loadKtlintReporters UP-TO-DATE
> Task :app:runKtlintCheckOverAndroidTestDebugSourceSet NO-SOURCE
> Task :app:ktlintAndroidTestBenchmarkSourceSetCheck SKIPPED
> Task :app:ktlintAndroidTestReleaseSourceSetCheck SKIPPED
> Task :app:runKtlintCheckOverBenchmarkSourceSet NO-SOURCE
> Task :core:model:compileKotlinJvm UP-TO-DATE
> Task :app:ktlintAndroidTestDebugSourceSetCheck SKIPPED
> Task :app:ktlintBenchmarkSourceSetCheck SKIPPED
> Task :app:runKtlintCheckOverReleaseSourceSet NO-SOURCE
> Task :app:ktlintReleaseSourceSetCheck SKIPPED
> Task :app:runKtlintCheckOverTestDebugSourceSet NO-SOURCE
> Task :app:runKtlintCheckOverTestBenchmarkSourceSet NO-SOURCE
> Task :app:ktlintTestDebugSourceSetCheck SKIPPED
> Task :core:data:loadKtlintReporters UP-TO-DATE
> Task :core:model:compileJvmMainJava NO-SOURCE
> Task :core:model:jvmMainClasses UP-TO-DATE
> Task :app:runKtlintCheckOverMainSourceSet UP-TO-DATE
> Task :app:runKtlintCheckOverDebugSourceSet UP-TO-DATE
> Task :app:runKtlintCheckOverAndroidTestSourceSet UP-TO-DATE
> Task :app:ktlintTestBenchmarkSourceSetCheck SKIPPED
> Task :app:runKtlintCheckOverTestFixturesDebugSourceSet NO-SOURCE
> Task :app:ktlintTestFixturesDebugSourceSetCheck SKIPPED
> Task :app:runKtlintCheckOverTestFixturesReleaseSourceSet NO-SOURCE
> Task :app:ktlintTestFixturesReleaseSourceSetCheck SKIPPED
> Task :app:runKtlintCheckOverTestFixturesSourceSet NO-SOURCE
> Task :app:runKtlintCheckOverTestFixturesBenchmarkSourceSet NO-SOURCE
> Task :app:ktlintTestFixturesSourceSetCheck SKIPPED
> Task :app:ktlintTestFixturesBenchmarkSourceSetCheck SKIPPED
> Task :benchmarks:runKtlintCheckOverBenchmarkSourceSet NO-SOURCE
> Task :benchmarks:ktlintBenchmarkSourceSetCheck SKIPPED
> Task :app:ktlintMainSourceSetCheck UP-TO-DATE
> Task :app:runKtlintCheckOverTestReleaseSourceSet NO-SOURCE
> Task :benchmarks:runKtlintCheckOverDebugSourceSet NO-SOURCE
> Task :core:model:jvmJar UP-TO-DATE
> Task :app:ktlintTestReleaseSourceSetCheck SKIPPED
> Task :app:runKtlintCheckOverKotlinScripts UP-TO-DATE
> Task :app:ktlintDebugSourceSetCheck UP-TO-DATE
> Task :app:runKtlintCheckOverTestSourceSet UP-TO-DATE
> Task :app:ktlintAndroidTestSourceSetCheck UP-TO-DATE
> Task :benchmarks:ktlintDebugSourceSetCheck SKIPPED
> Task :benchmarks:runKtlintCheckOverMainSourceSet UP-TO-DATE
> Task :benchmarks:runKtlintCheckOverKotlinScripts UP-TO-DATE
> Task :app:ktlintTestSourceSetCheck UP-TO-DATE
> Task :app:ktlintKotlinScriptCheck UP-TO-DATE
> Task :benchmarks:ktlintMainSourceSetCheck UP-TO-DATE
> Task :app:ktlintCheck UP-TO-DATE
> Task :core:ai:runKtlintCheckOverAndroidHostTestSourceSet NO-SOURCE
> Task :benchmarks:ktlintKotlinScriptCheck UP-TO-DATE
> Task :core:documents:compileKotlinJvm UP-TO-DATE
> Task :benchmarks:ktlintCheck UP-TO-DATE
> Task :core:ai:ktlintAndroidHostTestSourceSetCheck SKIPPED
> Task :core:documents:compileJvmMainJava NO-SOURCE
> Task :core:ai:runKtlintCheckOverAndroidMainSourceSet UP-TO-DATE
> Task :core:common:compileKotlinJvm UP-TO-DATE
> Task :core:ai:runKtlintCheckOverCommonMainSourceSet UP-TO-DATE
> Task :core:documents:jvmMainClasses UP-TO-DATE
> Task :core:ai:ktlintAndroidMainSourceSetCheck UP-TO-DATE
> Task :core:ai:runKtlintCheckOverCommonTestSourceSet NO-SOURCE
> Task :core:consent:compileKotlinJvm UP-TO-DATE
> Task :core:ai:ktlintCommonTestSourceSetCheck SKIPPED
> Task :core:database:kspKotlinJvm UP-TO-DATE
> Task :core:ai:runKtlintCheckOverJvmMainSourceSet NO-SOURCE
> Task :core:ai:runKtlintCheckOverJvmTestSourceSet UP-TO-DATE
> Task :core:common:compileJvmMainJava NO-SOURCE
> Task :core:ai:ktlintCommonMainSourceSetCheck UP-TO-DATE
> Task :core:ai:ktlintJvmMainSourceSetCheck SKIPPED
> Task :core:consent:compileJvmMainJava NO-SOURCE
> Task :core:database:jvmProcessResources NO-SOURCE
> Task :core:common:jvmMainClasses UP-TO-DATE
> Task :core:consent:jvmMainClasses UP-TO-DATE
> Task :core:documents:jvmJar UP-TO-DATE
> Task :core:ai:ktlintJvmTestSourceSetCheck UP-TO-DATE
> Task :core:ai:runKtlintCheckOverKotlinScripts UP-TO-DATE
> Task :core:database:processJvmMainResources SKIPPED
> Task :core:common:runKtlintCheckOverCommonTestSourceSet UP-TO-DATE
> Task :core:common:runKtlintCheckOverCommonMainSourceSet UP-TO-DATE
> Task :core:ai:ktlintKotlinScriptCheck UP-TO-DATE
> Task :core:ai:ktlintCheck UP-TO-DATE
> Task :core:common:jvmJar UP-TO-DATE
> Task :core:common:runKtlintCheckOverJvmMainSourceSet NO-SOURCE
> Task :core:consent:jvmJar UP-TO-DATE
> Task :core:common:ktlintCommonMainSourceSetCheck UP-TO-DATE
> Task :core:database:compileKotlinJvm UP-TO-DATE
> Task :core:common:ktlintJvmMainSourceSetCheck SKIPPED
> Task :core:common:runKtlintCheckOverJvmTestSourceSet NO-SOURCE
> Task :core:database:compileJvmMainJava NO-SOURCE
> Task :core:common:ktlintJvmTestSourceSetCheck SKIPPED
> Task :core:consent:runKtlintCheckOverCommonMainSourceSet UP-TO-DATE
> Task :core:database:jvmMainClasses UP-TO-DATE
> Task :core:consent:runKtlintCheckOverJvmMainSourceSet NO-SOURCE
> Task :core:common:ktlintCommonTestSourceSetCheck UP-TO-DATE
> Task :core:consent:ktlintJvmMainSourceSetCheck SKIPPED
> Task :core:common:runKtlintCheckOverKotlinScripts UP-TO-DATE
> Task :core:consent:runKtlintCheckOverCommonTestSourceSet UP-TO-DATE
> Task :core:engines:compileKotlinJvm UP-TO-DATE
> Task :core:consent:ktlintCommonMainSourceSetCheck UP-TO-DATE
> Task :core:consent:runKtlintCheckOverJvmTestSourceSet NO-SOURCE
> Task :core:common:ktlintKotlinScriptCheck UP-TO-DATE
> Task :core:consent:ktlintJvmTestSourceSetCheck SKIPPED
> Task :core:common:ktlintCheck UP-TO-DATE
> Task :core:database:jvmJar UP-TO-DATE
> Task :core:engines:compileJvmMainJava NO-SOURCE
> Task :core:consent:ktlintCommonTestSourceSetCheck UP-TO-DATE
> Task :core:engines:jvmMainClasses UP-TO-DATE
> Task :core:data:runKtlintCheckOverAndroidMainSourceSet NO-SOURCE
> Task :core:data:runKtlintCheckOverAndroidHostTestSourceSet NO-SOURCE
> Task :core:data:ktlintAndroidMainSourceSetCheck SKIPPED
> Task :core:data:ktlintAndroidHostTestSourceSetCheck SKIPPED
> Task :core:data:runKtlintCheckOverCommonTestSourceSet NO-SOURCE
> Task :core:data:ktlintCommonTestSourceSetCheck SKIPPED
> Task :core:data:runKtlintCheckOverCommonMainSourceSet UP-TO-DATE
> Task :core:data:runKtlintCheckOverJvmMainSourceSet NO-SOURCE
> Task :core:consent:runKtlintCheckOverKotlinScripts UP-TO-DATE
> Task :core:data:ktlintJvmMainSourceSetCheck SKIPPED
> Task :core:database:runKtlintCheckOverAndroidHostTestSourceSet NO-SOURCE
> Task :core:engines:jvmJar UP-TO-DATE
> Task :core:database:ktlintAndroidHostTestSourceSetCheck SKIPPED
> Task :core:data:runKtlintCheckOverKotlinScripts UP-TO-DATE
> Task :core:data:ktlintCommonMainSourceSetCheck UP-TO-DATE
> Task :core:database:runKtlintCheckOverAndroidMainSourceSet UP-TO-DATE
> Task :core:consent:ktlintKotlinScriptCheck UP-TO-DATE
> Task :core:data:runKtlintCheckOverJvmTestSourceSet UP-TO-DATE
> Task :core:datastore:compileKotlinJvm UP-TO-DATE
> Task :core:consent:ktlintCheck UP-TO-DATE
> Task :core:data:ktlintKotlinScriptCheck UP-TO-DATE
> Task :core:database:runKtlintCheckOverCommonTestSourceSet NO-SOURCE
> Task :core:database:ktlintCommonTestSourceSetCheck SKIPPED
> Task :core:datastore:compileJvmMainJava NO-SOURCE
> Task :core:datastore:jvmMainClasses UP-TO-DATE
> Task :core:data:ktlintJvmTestSourceSetCheck UP-TO-DATE
> Task :core:database:ktlintAndroidMainSourceSetCheck UP-TO-DATE
> Task :core:testing:compileKotlinJvm UP-TO-DATE
> Task :core:database:runKtlintCheckOverJvmMainSourceSet UP-TO-DATE
> Task :core:data:ktlintCheck UP-TO-DATE
> Task :core:database:runKtlintCheckOverCommonMainSourceSet UP-TO-DATE
> Task :core:testing:compileJvmMainJava NO-SOURCE
> Task :core:testing:jvmMainClasses UP-TO-DATE
> Task :core:datastore:jvmJar UP-TO-DATE
> Task :core:datastore:loadKtlintReporters UP-TO-DATE
> Task :core:database:ktlintCommonMainSourceSetCheck UP-TO-DATE
> Task :core:database:ktlintJvmMainSourceSetCheck UP-TO-DATE
> Task :core:datastore:runKtlintCheckOverCommonTestSourceSet NO-SOURCE
> Task :core:datastore:runKtlintCheckOverCommonMainSourceSet UP-TO-DATE
> Task :core:datastore:ktlintCommonTestSourceSetCheck SKIPPED
> Task :core:designsystem:loadKtlintReporters UP-TO-DATE
> Task :core:datastore:runKtlintCheckOverJvmMainSourceSet NO-SOURCE
> Task :core:testing:jvmJar UP-TO-DATE
> Task :core:datastore:ktlintJvmMainSourceSetCheck SKIPPED
> Task :core:datastore:ktlintCommonMainSourceSetCheck UP-TO-DATE
> Task :core:datastore:runKtlintCheckOverJvmTestSourceSet UP-TO-DATE
> Task :core:database:runKtlintCheckOverKotlinScripts UP-TO-DATE
> Task :core:data:compileKotlinJvm UP-TO-DATE
> Task :core:datastore:ktlintJvmTestSourceSetCheck UP-TO-DATE
> Task :core:database:ktlintKotlinScriptCheck UP-TO-DATE
> Task :core:designsystem:runKtlintCheckOverAndroidTestReleaseSourceSet NO-SOURCE
> Task :core:datastore:runKtlintCheckOverKotlinScripts UP-TO-DATE
> Task :core:designsystem:runKtlintCheckOverDebugSourceSet NO-SOURCE
> Task :core:designsystem:runKtlintCheckOverAndroidTestDebugSourceSet NO-SOURCE
> Task :core:designsystem:runKtlintCheckOverAndroidTestSourceSet NO-SOURCE
> Task :core:designsystem:ktlintAndroidTestDebugSourceSetCheck SKIPPED
> Task :core:designsystem:ktlintDebugSourceSetCheck SKIPPED
> Task :core:designsystem:ktlintAndroidTestReleaseSourceSetCheck SKIPPED
> Task :core:designsystem:ktlintAndroidTestSourceSetCheck SKIPPED
> Task :core:data:compileJvmMainJava NO-SOURCE
> Task :core:datastore:ktlintKotlinScriptCheck UP-TO-DATE
> Task :core:designsystem:runKtlintCheckOverTestFixturesDebugSourceSet NO-SOURCE
> Task :core:designsystem:ktlintTestFixturesDebugSourceSetCheck SKIPPED
> Task :core:data:jvmMainClasses UP-TO-DATE
> Task :core:designsystem:runKtlintCheckOverKotlinScripts UP-TO-DATE
> Task :core:designsystem:runKtlintCheckOverTestFixturesReleaseSourceSet NO-SOURCE
> Task :core:designsystem:ktlintTestFixturesReleaseSourceSetCheck SKIPPED
> Task :core:designsystem:runKtlintCheckOverMainSourceSet UP-TO-DATE
> Task :core:designsystem:runKtlintCheckOverTestDebugSourceSet NO-SOURCE
> Task :core:datastore:ktlintCheck UP-TO-DATE
> Task :core:designsystem:ktlintTestDebugSourceSetCheck SKIPPED
> Task :core:designsystem:runKtlintCheckOverTestFixturesSourceSet NO-SOURCE
> Task :core:designsystem:ktlintTestFixturesSourceSetCheck SKIPPED
> Task :core:designsystem:ktlintKotlinScriptCheck UP-TO-DATE
> Task :core:data:jvmJar UP-TO-DATE
> Task :core:designsystem:runKtlintCheckOverReleaseSourceSet NO-SOURCE
> Task :core:designsystem:ktlintReleaseSourceSetCheck SKIPPED
> Task :core:designsystem:runKtlintCheckOverTestReleaseSourceSet NO-SOURCE
> Task :core:designsystem:ktlintMainSourceSetCheck UP-TO-DATE
> Task :core:designsystem:ktlintTestReleaseSourceSetCheck SKIPPED
> Task :core:designsystem:runKtlintCheckOverTestSourceSet UP-TO-DATE
> Task :core:documents:loadKtlintReporters UP-TO-DATE
> Task :core:engines:loadKtlintReporters UP-TO-DATE
> Task :core:media:loadKtlintReporters UP-TO-DATE
> Task :core:designsystem:ktlintTestSourceSetCheck UP-TO-DATE
> Task :core:designsystem:ktlintCheck UP-TO-DATE
> Task :core:documents:runKtlintCheckOverJvmMainSourceSet NO-SOURCE
> Task :core:documents:runKtlintCheckOverJvmTestSourceSet NO-SOURCE
> Task :core:documents:ktlintJvmMainSourceSetCheck SKIPPED
> Task :core:documents:ktlintJvmTestSourceSetCheck SKIPPED
> Task :core:database:kspTestKotlinJvm UP-TO-DATE
> Task :core:documents:runKtlintCheckOverCommonMainSourceSet UP-TO-DATE
> Task :core:database:copyRoomSchemas NO-SOURCE
> Task :core:model:loadKtlintReporters UP-TO-DATE
> Task :core:documents:runKtlintCheckOverCommonTestSourceSet UP-TO-DATE
> Task :core:network:loadKtlintReporters UP-TO-DATE
> Task :core:engines:runKtlintCheckOverJvmMainSourceSet NO-SOURCE
> Task :core:engines:ktlintJvmMainSourceSetCheck SKIPPED
> Task :core:documents:ktlintCommonMainSourceSetCheck UP-TO-DATE
> Task :core:database:runKtlintCheckOverJvmTestSourceSet UP-TO-DATE
> Task :core:engines:runKtlintCheckOverJvmTestSourceSet UP-TO-DATE
> Task :core:documents:ktlintCommonTestSourceSetCheck UP-TO-DATE
> Task :core:engines:runKtlintCheckOverCommonMainSourceSet UP-TO-DATE
> Task :core:media:runKtlintCheckOverAndroidTestDebugSourceSet NO-SOURCE
> Task :core:media:ktlintAndroidTestDebugSourceSetCheck SKIPPED
> Task :core:media:runKtlintCheckOverAndroidTestReleaseSourceSet NO-SOURCE
> Task :core:media:ktlintAndroidTestReleaseSourceSetCheck SKIPPED
> Task :core:documents:runKtlintCheckOverKotlinScripts UP-TO-DATE
> Task :core:engines:ktlintJvmTestSourceSetCheck UP-TO-DATE
> Task :core:database:ktlintJvmTestSourceSetCheck UP-TO-DATE
> Task :core:database:ktlintCheck UP-TO-DATE
> Task :core:engines:runKtlintCheckOverKotlinScripts UP-TO-DATE
> Task :core:media:runKtlintCheckOverAndroidTestSourceSet NO-SOURCE
> Task :core:media:ktlintAndroidTestSourceSetCheck SKIPPED
> Task :core:engines:ktlintKotlinScriptCheck UP-TO-DATE
> Task :core:media:runKtlintCheckOverKotlinScripts UP-TO-DATE
> Task :core:documents:ktlintKotlinScriptCheck UP-TO-DATE
> Task :core:engines:ktlintCommonMainSourceSetCheck UP-TO-DATE
> Task :core:engines:runKtlintCheckOverCommonTestSourceSet UP-TO-DATE
> Task :core:media:runKtlintCheckOverDebugSourceSet NO-SOURCE
> Task :core:media:runKtlintCheckOverReleaseSourceSet NO-SOURCE
> Task :core:media:ktlintDebugSourceSetCheck SKIPPED
> Task :core:documents:ktlintCheck UP-TO-DATE
> Task :core:media:runKtlintCheckOverTestDebugSourceSet NO-SOURCE
> Task :core:media:ktlintReleaseSourceSetCheck SKIPPED
> Task :core:media:runKtlintCheckOverTestFixturesDebugSourceSet NO-SOURCE
> Task :core:media:ktlintTestDebugSourceSetCheck SKIPPED
> Task :core:media:ktlintTestFixturesDebugSourceSetCheck SKIPPED
> Task :core:media:runKtlintCheckOverMainSourceSet UP-TO-DATE
> Task :core:media:runKtlintCheckOverTestFixturesSourceSet NO-SOURCE
> Task :core:media:ktlintTestFixturesSourceSetCheck SKIPPED
> Task :core:media:runKtlintCheckOverTestReleaseSourceSet NO-SOURCE
> Task :core:media:runKtlintCheckOverTestFixturesReleaseSourceSet NO-SOURCE
> Task :core:media:ktlintTestFixturesReleaseSourceSetCheck SKIPPED
> Task :core:engines:ktlintCommonTestSourceSetCheck UP-TO-DATE
> Task :core:media:ktlintTestReleaseSourceSetCheck SKIPPED
> Task :core:engines:ktlintCheck UP-TO-DATE
> Task :core:model:runKtlintCheckOverCommonMainSourceSet UP-TO-DATE
> Task :core:model:runKtlintCheckOverCommonTestSourceSet UP-TO-DATE
> Task :core:media:ktlintKotlinScriptCheck UP-TO-DATE
> Task :core:media:runKtlintCheckOverTestSourceSet NO-SOURCE
> Task :core:media:ktlintMainSourceSetCheck UP-TO-DATE
> Task :core:media:ktlintTestSourceSetCheck SKIPPED
> Task :core:model:ktlintCommonMainSourceSetCheck UP-TO-DATE
> Task :core:model:runKtlintCheckOverJvmTestSourceSet NO-SOURCE
> Task :core:model:runKtlintCheckOverJvmMainSourceSet NO-SOURCE
> Task :core:model:ktlintJvmTestSourceSetCheck SKIPPED
> Task :core:media:ktlintCheck UP-TO-DATE
> Task :core:model:ktlintCommonTestSourceSetCheck UP-TO-DATE
> Task :core:model:ktlintJvmMainSourceSetCheck SKIPPED
> Task :core:network:runKtlintCheckOverAndroidTestReleaseSourceSet NO-SOURCE
> Task :core:network:runKtlintCheckOverAndroidTestSourceSet NO-SOURCE
> Task :core:network:runKtlintCheckOverAndroidTestDebugSourceSet NO-SOURCE
> Task :core:network:ktlintAndroidTestReleaseSourceSetCheck SKIPPED
> Task :core:network:ktlintAndroidTestDebugSourceSetCheck SKIPPED
> Task :core:network:ktlintAndroidTestSourceSetCheck SKIPPED
> Task :core:network:runKtlintCheckOverDebugSourceSet NO-SOURCE
> Task :core:network:runKtlintCheckOverTestDebugSourceSet NO-SOURCE
> Task :core:network:ktlintDebugSourceSetCheck SKIPPED
> Task :core:network:runKtlintCheckOverReleaseSourceSet NO-SOURCE
> Task :core:network:runKtlintCheckOverTestFixturesDebugSourceSet NO-SOURCE
> Task :core:network:ktlintTestDebugSourceSetCheck SKIPPED
> Task :core:network:ktlintTestFixturesDebugSourceSetCheck SKIPPED
> Task :core:network:ktlintReleaseSourceSetCheck SKIPPED
> Task :core:network:runKtlintCheckOverTestFixturesSourceSet NO-SOURCE
> Task :core:network:runKtlintCheckOverMainSourceSet UP-TO-DATE
> Task :core:network:ktlintTestFixturesSourceSetCheck SKIPPED
> Task :core:network:runKtlintCheckOverTestFixturesReleaseSourceSet NO-SOURCE
> Task :core:network:ktlintTestFixturesReleaseSourceSetCheck SKIPPED
> Task :core:network:ktlintMainSourceSetCheck UP-TO-DATE
> Task :core:network:runKtlintCheckOverTestReleaseSourceSet NO-SOURCE
> Task :core:network:ktlintTestReleaseSourceSetCheck SKIPPED
> Task :core:ports:loadKtlintReporters UP-TO-DATE
> Task :core:model:runKtlintCheckOverKotlinScripts UP-TO-DATE
> Task :core:vault:loadKtlintReporters UP-TO-DATE
> Task :core:network:runKtlintCheckOverKotlinScripts UP-TO-DATE
> Task :core:ports:runKtlintCheckOverCommonTestSourceSet NO-SOURCE
> Task :core:testing:loadKtlintReporters UP-TO-DATE
> Task :core:network:runKtlintCheckOverTestSourceSet UP-TO-DATE
> Task :core:model:ktlintKotlinScriptCheck UP-TO-DATE
> Task :core:model:ktlintCheck UP-TO-DATE
> Task :core:ports:runKtlintCheckOverJvmMainSourceSet NO-SOURCE
> Task :core:ports:ktlintCommonTestSourceSetCheck SKIPPED
> Task :core:ports:runKtlintCheckOverJvmTestSourceSet NO-SOURCE
> Task :core:ports:ktlintJvmTestSourceSetCheck SKIPPED
> Task :core:ports:ktlintJvmMainSourceSetCheck SKIPPED
> Task :core:testing:runKtlintCheckOverCommonTestSourceSet NO-SOURCE
> Task :core:testing:ktlintCommonTestSourceSetCheck SKIPPED
> Task :core:testing:runKtlintCheckOverJvmTestSourceSet NO-SOURCE
> Task :core:network:ktlintTestSourceSetCheck UP-TO-DATE
> Task :core:testing:ktlintJvmTestSourceSetCheck SKIPPED
> Task :core:network:ktlintKotlinScriptCheck UP-TO-DATE
> Task :core:ports:runKtlintCheckOverCommonMainSourceSet UP-TO-DATE
> Task :core:network:ktlintCheck UP-TO-DATE
> Task :core:ports:runKtlintCheckOverKotlinScripts UP-TO-DATE
> Task :core:testing:runKtlintCheckOverCommonMainSourceSet UP-TO-DATE
> Task :core:ports:ktlintCommonMainSourceSetCheck UP-TO-DATE
> Task :core:testing:runKtlintCheckOverJvmMainSourceSet UP-TO-DATE
> Task :core:vault:runKtlintCheckOverAndroidHostTestSourceSet NO-SOURCE
> Task :core:ports:ktlintKotlinScriptCheck UP-TO-DATE
> Task :core:vault:runKtlintCheckOverAndroidMainSourceSet UP-TO-DATE
> Task :core:vault:ktlintAndroidHostTestSourceSetCheck SKIPPED
> Task :core:ports:ktlintCheck UP-TO-DATE
> Task :core:vault:ktlintAndroidMainSourceSetCheck UP-TO-DATE
> Task :core:vault:runKtlintCheckOverCommonMainSourceSet UP-TO-DATE
> Task :core:testing:ktlintJvmMainSourceSetCheck UP-TO-DATE
> Task :core:vault:runKtlintCheckOverJvmMainSourceSet NO-SOURCE
> Task :core:vault:ktlintJvmMainSourceSetCheck SKIPPED
> Task :core:testing:ktlintCommonMainSourceSetCheck UP-TO-DATE
> Task :core:vault:runKtlintCheckOverJvmTestSourceSet UP-TO-DATE
> Task :core:vault:runKtlintCheckOverCommonTestSourceSet UP-TO-DATE
> Task :core:testing:runKtlintCheckOverKotlinScripts UP-TO-DATE
> Task :core:vault:ktlintCommonMainSourceSetCheck UP-TO-DATE
> Task :feature:f01-onboarding:loadKtlintReporters UP-TO-DATE
> Task :core:vault:ktlintJvmTestSourceSetCheck UP-TO-DATE
> Task :core:testing:ktlintKotlinScriptCheck UP-TO-DATE
> Task :core:testing:ktlintCheck UP-TO-DATE
> Task :core:vault:ktlintCommonTestSourceSetCheck UP-TO-DATE
> Task :feature:f01-onboarding:runKtlintCheckOverAndroidTestReleaseSourceSet NO-SOURCE
> Task :feature:f01-onboarding:ktlintAndroidTestReleaseSourceSetCheck SKIPPED
> Task :feature:f01-onboarding:runKtlintCheckOverAndroidTestDebugSourceSet NO-SOURCE
> Task :feature:f03-planning:loadKtlintReporters UP-TO-DATE
> Task :feature:f01-onboarding:runKtlintCheckOverDebugSourceSet NO-SOURCE
> Task :feature:f01-onboarding:runKtlintCheckOverAndroidTestSourceSet NO-SOURCE
> Task :feature:f02-food:loadKtlintReporters UP-TO-DATE
> Task :feature:f01-onboarding:ktlintAndroidTestSourceSetCheck SKIPPED
> Task :core:vault:runKtlintCheckOverKotlinScripts UP-TO-DATE
> Task :feature:f01-onboarding:ktlintAndroidTestDebugSourceSetCheck SKIPPED
> Task :feature:f01-onboarding:runKtlintCheckOverTestDebugSourceSet NO-SOURCE
> Task :feature:f01-onboarding:runKtlintCheckOverReleaseSourceSet NO-SOURCE
> Task :feature:f01-onboarding:ktlintTestDebugSourceSetCheck SKIPPED
> Task :feature:f01-onboarding:ktlintReleaseSourceSetCheck SKIPPED
> Task :feature:f01-onboarding:runKtlintCheckOverKotlinScripts UP-TO-DATE
> Task :feature:f01-onboarding:ktlintDebugSourceSetCheck SKIPPED
> Task :feature:f01-onboarding:runKtlintCheckOverTestFixturesReleaseSourceSet NO-SOURCE
> Task :feature:f01-onboarding:ktlintTestFixturesReleaseSourceSetCheck SKIPPED
> Task :feature:f01-onboarding:runKtlintCheckOverMainSourceSet UP-TO-DATE
> Task :feature:f01-onboarding:runKtlintCheckOverTestFixturesSourceSet NO-SOURCE
> Task :feature:f01-onboarding:ktlintTestFixturesSourceSetCheck SKIPPED
> Task :feature:f01-onboarding:ktlintKotlinScriptCheck UP-TO-DATE
> Task :feature:f01-onboarding:runKtlintCheckOverTestReleaseSourceSet NO-SOURCE
> Task :feature:f01-onboarding:runKtlintCheckOverTestFixturesDebugSourceSet NO-SOURCE
> Task :feature:f02-food:runKtlintCheckOverAndroidTestDebugSourceSet NO-SOURCE
> Task :feature:f01-onboarding:ktlintTestReleaseSourceSetCheck SKIPPED
> Task :feature:f01-onboarding:ktlintMainSourceSetCheck UP-TO-DATE
> Task :feature:f02-food:ktlintAndroidTestDebugSourceSetCheck SKIPPED
> Task :feature:f02-food:runKtlintCheckOverAndroidTestReleaseSourceSet NO-SOURCE
> Task :feature:f01-onboarding:runKtlintCheckOverTestSourceSet UP-TO-DATE
> Task :feature:f01-onboarding:ktlintTestFixturesDebugSourceSetCheck SKIPPED
> Task :core:vault:ktlintKotlinScriptCheck UP-TO-DATE
> Task :feature:f02-food:runKtlintCheckOverAndroidTestSourceSet NO-SOURCE
> Task :feature:f02-food:ktlintAndroidTestSourceSetCheck SKIPPED
> Task :feature:f02-food:runKtlintCheckOverReleaseSourceSet NO-SOURCE
> Task :feature:f02-food:ktlintAndroidTestReleaseSourceSetCheck SKIPPED
> Task :feature:f01-onboarding:ktlintTestSourceSetCheck UP-TO-DATE
> Task :feature:f02-food:ktlintReleaseSourceSetCheck SKIPPED
> Task :core:vault:ktlintCheck UP-TO-DATE
> Task :feature:f02-food:runKtlintCheckOverDebugSourceSet NO-SOURCE
> Task :feature:f01-onboarding:ktlintCheck UP-TO-DATE
> Task :feature:f02-food:ktlintDebugSourceSetCheck SKIPPED
> Task :feature:f02-food:runKtlintCheckOverKotlinScripts UP-TO-DATE
> Task :feature:f02-food:runKtlintCheckOverTestFixturesDebugSourceSet NO-SOURCE
> Task :feature:f02-food:runKtlintCheckOverTestDebugSourceSet NO-SOURCE
> Task :feature:f02-food:runKtlintCheckOverMainSourceSet UP-TO-DATE
> Task :feature:f02-food:runKtlintCheckOverTestFixturesReleaseSourceSet NO-SOURCE
> Task :feature:f02-food:runKtlintCheckOverTestFixturesSourceSet NO-SOURCE
> Task :feature:f02-food:ktlintTestFixturesDebugSourceSetCheck SKIPPED
> Task :feature:f02-food:ktlintTestFixturesSourceSetCheck SKIPPED
> Task :feature:f02-food:ktlintTestDebugSourceSetCheck SKIPPED
> Task :feature:f02-food:ktlintTestFixturesReleaseSourceSetCheck SKIPPED
> Task :feature:f02-food:runKtlintCheckOverTestReleaseSourceSet NO-SOURCE
> Task :feature:f02-food:ktlintTestReleaseSourceSetCheck SKIPPED
> Task :feature:f03-planning:runKtlintCheckOverAndroidTestReleaseSourceSet NO-SOURCE
> Task :feature:f03-planning:runKtlintCheckOverAndroidTestSourceSet NO-SOURCE
> Task :feature:f03-planning:ktlintAndroidTestReleaseSourceSetCheck SKIPPED
> Task :feature:f03-planning:ktlintAndroidTestSourceSetCheck SKIPPED
> Task :feature:f03-planning:runKtlintCheckOverDebugSourceSet NO-SOURCE
> Task :feature:f03-planning:ktlintDebugSourceSetCheck SKIPPED
> Task :feature:f03-planning:runKtlintCheckOverAndroidTestDebugSourceSet NO-SOURCE
> Task :feature:f03-planning:ktlintAndroidTestDebugSourceSetCheck SKIPPED
> Task :feature:f02-food:ktlintKotlinScriptCheck UP-TO-DATE
> Task :feature:f03-planning:runKtlintCheckOverReleaseSourceSet NO-SOURCE
> Task :feature:f02-food:ktlintMainSourceSetCheck UP-TO-DATE
> Task :feature:f03-planning:runKtlintCheckOverMainSourceSet UP-TO-DATE
> Task :feature:f03-planning:runKtlintCheckOverTestDebugSourceSet NO-SOURCE
> Task :feature:f03-planning:ktlintTestDebugSourceSetCheck SKIPPED
> Task :feature:f03-planning:ktlintReleaseSourceSetCheck SKIPPED
> Task :feature:f03-planning:runKtlintCheckOverTestFixturesSourceSet NO-SOURCE
> Task :feature:f03-planning:runKtlintCheckOverTestFixturesDebugSourceSet NO-SOURCE
> Task :feature:f03-planning:ktlintTestFixturesSourceSetCheck SKIPPED
> Task :feature:f03-planning:runKtlintCheckOverKotlinScripts UP-TO-DATE
> Task :feature:f03-planning:runKtlintCheckOverTestReleaseSourceSet NO-SOURCE
> Task :feature:f03-planning:ktlintTestFixturesDebugSourceSetCheck SKIPPED
> Task :feature:f03-planning:ktlintTestReleaseSourceSetCheck SKIPPED
> Task :feature:f03-planning:runKtlintCheckOverTestFixturesReleaseSourceSet NO-SOURCE
> Task :feature:f03-planning:ktlintTestFixturesReleaseSourceSetCheck SKIPPED
> Task :feature:f02-food:runKtlintCheckOverTestSourceSet UP-TO-DATE
> Task :feature:f03-planning:ktlintMainSourceSetCheck UP-TO-DATE
> Task :feature:f03-planning:runKtlintCheckOverTestSourceSet UP-TO-DATE
> Task :feature:f03-planning:ktlintKotlinScriptCheck UP-TO-DATE
> Task :feature:f04-shopping:loadKtlintReporters UP-TO-DATE
> Task :feature:f06-weight:loadKtlintReporters UP-TO-DATE
> Task :feature:f02-food:ktlintTestSourceSetCheck UP-TO-DATE
> Task :feature:f02-food:ktlintCheck UP-TO-DATE
> Task :feature:f04-shopping:runKtlintCheckOverAndroidTestReleaseSourceSet NO-SOURCE
> Task :feature:f04-shopping:ktlintAndroidTestReleaseSourceSetCheck SKIPPED
> Task :feature:f03-planning:ktlintTestSourceSetCheck UP-TO-DATE
> Task :feature:f03-planning:ktlintCheck UP-TO-DATE
> Task :feature:f04-shopping:runKtlintCheckOverAndroidTestSourceSet NO-SOURCE
> Task :feature:f04-shopping:runKtlintCheckOverAndroidTestDebugSourceSet NO-SOURCE
> Task :feature:f12-consent:loadKtlintReporters UP-TO-DATE
> Task :feature:f04-shopping:runKtlintCheckOverDebugSourceSet NO-SOURCE
> Task :feature:f04-shopping:ktlintAndroidTestSourceSetCheck SKIPPED
> Task :feature:f10-daily-hub:loadKtlintReporters UP-TO-DATE
> Task :feature:f13-vault:loadKtlintReporters UP-TO-DATE
> Task :feature:f04-shopping:runKtlintCheckOverMainSourceSet UP-TO-DATE
> Task :feature:f04-shopping:runKtlintCheckOverKotlinScripts UP-TO-DATE
> Task :feature:f04-shopping:runKtlintCheckOverTestDebugSourceSet NO-SOURCE
> Task :feature:f04-shopping:ktlintTestDebugSourceSetCheck SKIPPED
> Task :feature:f04-shopping:ktlintDebugSourceSetCheck SKIPPED
> Task :feature:f04-shopping:ktlintKotlinScriptCheck UP-TO-DATE
> Task :feature:f04-shopping:runKtlintCheckOverTestFixturesDebugSourceSet NO-SOURCE
> Task :feature:f04-shopping:runKtlintCheckOverTestFixturesReleaseSourceSet NO-SOURCE
> Task :feature:f04-shopping:ktlintTestFixturesDebugSourceSetCheck SKIPPED
> Task :feature:f04-shopping:ktlintMainSourceSetCheck UP-TO-DATE
> Task :feature:f04-shopping:runKtlintCheckOverTestFixturesSourceSet NO-SOURCE
> Task :feature:f04-shopping:ktlintTestFixturesSourceSetCheck SKIPPED
> Task :feature:f04-shopping:runKtlintCheckOverTestReleaseSourceSet NO-SOURCE
> Task :feature:f04-shopping:ktlintTestReleaseSourceSetCheck SKIPPED
> Task :feature:f04-shopping:runKtlintCheckOverReleaseSourceSet NO-SOURCE
> Task :feature:f04-shopping:ktlintReleaseSourceSetCheck SKIPPED
> Task :feature:f04-shopping:ktlintAndroidTestDebugSourceSetCheck SKIPPED
> Task :feature:f04-shopping:ktlintTestFixturesReleaseSourceSetCheck SKIPPED
> Task :feature:f06-weight:runKtlintCheckOverAndroidTestSourceSet NO-SOURCE
> Task :feature:f06-weight:ktlintAndroidTestSourceSetCheck SKIPPED
> Task :feature:f06-weight:runKtlintCheckOverKotlinScripts UP-TO-DATE
> Task :feature:f06-weight:ktlintKotlinScriptCheck UP-TO-DATE
> Task :feature:f06-weight:runKtlintCheckOverMainSourceSet UP-TO-DATE
> Task :feature:f06-weight:runKtlintCheckOverAndroidTestReleaseSourceSet NO-SOURCE
> Task :feature:f06-weight:runKtlintCheckOverReleaseSourceSet NO-SOURCE
> Task :feature:f04-shopping:runKtlintCheckOverTestSourceSet UP-TO-DATE
> Task :feature:f06-weight:runKtlintCheckOverDebugSourceSet NO-SOURCE
> Task :feature:f06-weight:runKtlintCheckOverAndroidTestDebugSourceSet NO-SOURCE
> Task :feature:f06-weight:runKtlintCheckOverTestDebugSourceSet NO-SOURCE
> Task :feature:f06-weight:ktlintReleaseSourceSetCheck SKIPPED
> Task :feature:f06-weight:ktlintAndroidTestReleaseSourceSetCheck SKIPPED
> Task :feature:f06-weight:ktlintAndroidTestDebugSourceSetCheck SKIPPED
> Task :feature:f06-weight:ktlintTestDebugSourceSetCheck SKIPPED
> Task :feature:f06-weight:runKtlintCheckOverTestFixturesReleaseSourceSet NO-SOURCE
> Task :feature:f06-weight:ktlintTestFixturesReleaseSourceSetCheck SKIPPED
> Task :feature:f06-weight:runKtlintCheckOverTestFixturesSourceSet NO-SOURCE
> Task :feature:f06-weight:ktlintTestFixturesSourceSetCheck SKIPPED
> Task :feature:f06-weight:runKtlintCheckOverTestReleaseSourceSet NO-SOURCE
> Task :feature:f06-weight:ktlintTestReleaseSourceSetCheck SKIPPED
> Task :feature:f10-daily-hub:runKtlintCheckOverAndroidTestDebugSourceSet NO-SOURCE
> Task :feature:f10-daily-hub:ktlintAndroidTestDebugSourceSetCheck SKIPPED
> Task :feature:f04-shopping:ktlintTestSourceSetCheck UP-TO-DATE
> Task :feature:f06-weight:runKtlintCheckOverTestFixturesDebugSourceSet NO-SOURCE
> Task :feature:f06-weight:runKtlintCheckOverTestSourceSet UP-TO-DATE
> Task :feature:f06-weight:ktlintDebugSourceSetCheck SKIPPED
> Task :feature:f04-shopping:ktlintCheck UP-TO-DATE
> Task :feature:f10-daily-hub:runKtlintCheckOverDebugSourceSet NO-SOURCE
> Task :feature:f10-daily-hub:runKtlintCheckOverAndroidTestReleaseSourceSet NO-SOURCE
> Task :feature:f10-daily-hub:runKtlintCheckOverAndroidTestSourceSet NO-SOURCE
> Task :feature:f06-weight:ktlintTestFixturesDebugSourceSetCheck SKIPPED
> Task :feature:f10-daily-hub:ktlintAndroidTestReleaseSourceSetCheck SKIPPED
> Task :feature:f10-daily-hub:ktlintAndroidTestSourceSetCheck SKIPPED
> Task :feature:f10-daily-hub:ktlintDebugSourceSetCheck SKIPPED
> Task :feature:f06-weight:ktlintTestSourceSetCheck UP-TO-DATE
> Task :feature:f06-weight:ktlintMainSourceSetCheck UP-TO-DATE
> Task :feature:f10-daily-hub:runKtlintCheckOverTestFixturesDebugSourceSet NO-SOURCE
> Task :feature:f06-weight:ktlintCheck UP-TO-DATE
> Task :feature:f10-daily-hub:runKtlintCheckOverTestDebugSourceSet NO-SOURCE
> Task :feature:f10-daily-hub:ktlintTestFixturesDebugSourceSetCheck SKIPPED
> Task :feature:f10-daily-hub:ktlintTestDebugSourceSetCheck SKIPPED
> Task :feature:f10-daily-hub:runKtlintCheckOverReleaseSourceSet NO-SOURCE
> Task :feature:f10-daily-hub:runKtlintCheckOverTestFixturesReleaseSourceSet NO-SOURCE
> Task :feature:f10-daily-hub:runKtlintCheckOverMainSourceSet UP-TO-DATE
> Task :feature:f10-daily-hub:runKtlintCheckOverTestFixturesSourceSet NO-SOURCE
> Task :feature:f10-daily-hub:ktlintTestFixturesReleaseSourceSetCheck SKIPPED
> Task :feature:f10-daily-hub:ktlintReleaseSourceSetCheck SKIPPED
> Task :feature:f10-daily-hub:ktlintTestFixturesSourceSetCheck SKIPPED
> Task :feature:f10-daily-hub:runKtlintCheckOverTestReleaseSourceSet NO-SOURCE
> Task :feature:f10-daily-hub:ktlintTestReleaseSourceSetCheck SKIPPED
> Task :feature:f10-daily-hub:ktlintMainSourceSetCheck UP-TO-DATE
> Task :feature:f12-consent:runKtlintCheckOverAndroidTestDebugSourceSet NO-SOURCE
> Task :feature:f12-consent:ktlintAndroidTestDebugSourceSetCheck SKIPPED
> Task :feature:f10-daily-hub:runKtlintCheckOverTestSourceSet UP-TO-DATE
> Task :feature:f12-consent:runKtlintCheckOverDebugSourceSet NO-SOURCE
> Task :feature:f12-consent:ktlintDebugSourceSetCheck SKIPPED
> Task :feature:f12-consent:runKtlintCheckOverAndroidTestReleaseSourceSet NO-SOURCE
> Task :feature:f12-consent:runKtlintCheckOverAndroidTestSourceSet NO-SOURCE
> Task :feature:f12-consent:runKtlintCheckOverReleaseSourceSet NO-SOURCE
> Task :feature:f12-consent:ktlintAndroidTestReleaseSourceSetCheck SKIPPED
> Task :feature:f10-daily-hub:ktlintTestSourceSetCheck UP-TO-DATE
> Task :feature:f12-consent:ktlintReleaseSourceSetCheck SKIPPED
> Task :feature:f12-consent:ktlintAndroidTestSourceSetCheck SKIPPED
> Task :feature:f12-consent:runKtlintCheckOverMainSourceSet UP-TO-DATE
> Task :feature:f12-consent:runKtlintCheckOverTestFixturesDebugSourceSet NO-SOURCE
> Task :feature:f12-consent:ktlintTestFixturesDebugSourceSetCheck SKIPPED
> Task :feature:f12-consent:runKtlintCheckOverKotlinScripts UP-TO-DATE
> Task :feature:f10-daily-hub:runKtlintCheckOverKotlinScripts UP-TO-DATE
> Task :feature:f12-consent:runKtlintCheckOverTestDebugSourceSet NO-SOURCE
> Task :feature:f12-consent:runKtlintCheckOverTestReleaseSourceSet NO-SOURCE
> Task :feature:f12-consent:ktlintTestDebugSourceSetCheck SKIPPED
> Task :feature:f12-consent:runKtlintCheckOverTestFixturesReleaseSourceSet NO-SOURCE
> Task :feature:f12-consent:ktlintMainSourceSetCheck UP-TO-DATE
> Task :feature:f12-consent:runKtlintCheckOverTestFixturesSourceSet NO-SOURCE
> Task :feature:f12-consent:runKtlintCheckOverTestSourceSet NO-SOURCE
> Task :feature:f12-consent:ktlintTestReleaseSourceSetCheck SKIPPED
> Task :feature:f12-consent:ktlintTestFixturesReleaseSourceSetCheck SKIPPED
> Task :feature:f12-consent:ktlintTestFixturesSourceSetCheck SKIPPED
> Task :feature:f12-consent:ktlintTestSourceSetCheck SKIPPED
> Task :feature:f10-daily-hub:ktlintKotlinScriptCheck UP-TO-DATE
> Task :feature:f12-consent:ktlintKotlinScriptCheck UP-TO-DATE
> Task :feature:f10-daily-hub:ktlintCheck UP-TO-DATE
> Task :feature:f12-consent:ktlintCheck UP-TO-DATE
> Task :feature:f13-vault:runKtlintCheckOverDebugSourceSet NO-SOURCE
> Task :feature:f13-vault:runKtlintCheckOverAndroidTestSourceSet NO-SOURCE
> Task :feature:f13-vault:ktlintDebugSourceSetCheck SKIPPED
> Task :feature:f13-vault:ktlintAndroidTestSourceSetCheck SKIPPED
> Task :feature:f13-vault:runKtlintCheckOverReleaseSourceSet NO-SOURCE
> Task :feature:f13-vault:runKtlintCheckOverAndroidTestReleaseSourceSet NO-SOURCE
> Task :feature:f13-vault:runKtlintCheckOverTestFixturesDebugSourceSet NO-SOURCE
> Task :feature:f13-vault:runKtlintCheckOverMainSourceSet UP-TO-DATE
> Task :feature:f13-vault:ktlintReleaseSourceSetCheck SKIPPED
> Task :feature:f13-vault:runKtlintCheckOverTestDebugSourceSet NO-SOURCE
> Task :feature:f13-vault:runKtlintCheckOverAndroidTestDebugSourceSet NO-SOURCE
> Task :feature:f13-vault:ktlintAndroidTestReleaseSourceSetCheck SKIPPED
> Task :feature:f13-vault:runKtlintCheckOverKotlinScripts UP-TO-DATE
> Task :feature:f13-vault:ktlintTestDebugSourceSetCheck SKIPPED
> Task :feature:f13-vault:ktlintAndroidTestDebugSourceSetCheck SKIPPED
> Task :feature:f13-vault:ktlintTestFixturesDebugSourceSetCheck SKIPPED
> Task :feature:f13-vault:runKtlintCheckOverTestFixturesSourceSet NO-SOURCE
> Task :feature:f13-vault:ktlintMainSourceSetCheck UP-TO-DATE
> Task :feature:f13-vault:runKtlintCheckOverTestFixturesReleaseSourceSet NO-SOURCE
> Task :feature:f13-vault:ktlintKotlinScriptCheck UP-TO-DATE
> Task :feature:f13-vault:runKtlintCheckOverTestSourceSet UP-TO-DATE
> Task :feature:f13-vault:ktlintTestFixturesSourceSetCheck SKIPPED
> Task :feature:f13-vault:runKtlintCheckOverTestReleaseSourceSet NO-SOURCE
> Task :feature:f13-vault:ktlintTestFixturesReleaseSourceSetCheck SKIPPED
> Task :feature:f13-vault:ktlintTestReleaseSourceSetCheck SKIPPED
> Task :feature:f13-vault:ktlintTestSourceSetCheck UP-TO-DATE
> Task :core:ai:detekt NO-SOURCE
> Task :feature:f13-vault:ktlintCheck UP-TO-DATE
> Task :core:consent:detekt NO-SOURCE
> Task :core:database:detekt NO-SOURCE
> Task :core:common:detekt NO-SOURCE
> Task :core:documents:detekt NO-SOURCE
> Task :core:data:detekt NO-SOURCE
> Task :app:detekt UP-TO-DATE
> Task :core:engines:detekt NO-SOURCE
> Task :core:model:detekt NO-SOURCE
> Task :core:datastore:detekt NO-SOURCE
> Task :core:designsystem:detekt UP-TO-DATE
> Task :core:ports:detekt NO-SOURCE
> Task :benchmarks:detekt UP-TO-DATE
> Task :core:network:detekt UP-TO-DATE
> Task :core:testing:detekt NO-SOURCE
> Task :core:media:detekt UP-TO-DATE
> Task :feature:f01-onboarding:detekt UP-TO-DATE
> Task :core:vault:detekt NO-SOURCE
> Task :feature:f13-vault:detekt UP-TO-DATE
> Task :feature:f06-weight:detekt UP-TO-DATE
> Task :feature:f04-shopping:detekt UP-TO-DATE
> Task :feature:f10-daily-hub:detekt UP-TO-DATE
> Task :feature:f03-planning:detekt UP-TO-DATE
> Task :feature:f02-food:detekt UP-TO-DATE
> Task :feature:f12-consent:detekt UP-TO-DATE
> Task :core:data:compileTestKotlinJvm FROM-CACHE
> Task :core:data:compileJvmTestJava NO-SOURCE
> Task :core:data:jvmTestClasses UP-TO-DATE
> Task :core:data:jvmTest FROM-CACHE

[Incubating] Problems report is available at: file:///Users/boyd/wip/wloss/build/reports/problems/problems-report.html

Deprecated Gradle features were used in this build, making it incompatible with Gradle 10.

You can use '--warning-mode all' to show the individual deprecation warnings and determine if they come from your own scripts or plugins.

For more on this, please refer to https://docs.gradle.org/9.7.1/userguide/command_line_interface.html#sec:command_line_warnings in the Gradle documentation.

BUILD SUCCESSFUL in 2s
238 actionable tasks: 9 executed, 2 from cache, 227 up-to-date
Configuration cache entry stored.
