Reusing configuration cache.
> Task :app:preBuild UP-TO-DATE
> Task :app:preDebugBuild UP-TO-DATE
> Task :app:mergeDebugNativeDebugMetadata NO-SOURCE
> Task :core:common:kmpPartiallyResolvedDependenciesChecker
> Task :core:common:checkKotlinGradlePluginConfigurationErrors SKIPPED
> Task :core:model:kmpPartiallyResolvedDependenciesChecker
> Task :core:testing:kmpPartiallyResolvedDependenciesChecker
> Task :core:testing:checkKotlinGradlePluginConfigurationErrors SKIPPED
> Task :core:model:checkKotlinGradlePluginConfigurationErrors SKIPPED
> Task :core:engines:kmpPartiallyResolvedDependenciesChecker
> Task :core:common:jvmProcessResources NO-SOURCE
> Task :core:engines:checkKotlinGradlePluginConfigurationErrors SKIPPED
> Task :core:common:processJvmMainResources SKIPPED
> Task :core:engines:jvmProcessResources NO-SOURCE
> Task :core:documents:kmpPartiallyResolvedDependenciesChecker
> Task :core:testing:jvmProcessResources NO-SOURCE
> Task :core:testing:processJvmMainResources SKIPPED
> Task :core:model:jvmProcessResources NO-SOURCE
> Task :core:datastore:jvmProcessResources NO-SOURCE
> Task :core:datastore:processJvmMainResources SKIPPED
> Task :core:model:processJvmMainResources SKIPPED
> Task :core:engines:processJvmMainResources SKIPPED
> Task :core:ports:jvmProcessResources NO-SOURCE
> Task :core:ports:processJvmMainResources SKIPPED
> Task :core:datastore:kmpPartiallyResolvedDependenciesChecker
> Task :core:datastore:checkKotlinGradlePluginConfigurationErrors SKIPPED
> Task :core:documents:jvmProcessResources UP-TO-DATE
> Task :core:ai:androidPreBuild UP-TO-DATE
> Task :core:ports:kmpPartiallyResolvedDependenciesChecker
> Task :core:consent:kmpPartiallyResolvedDependenciesChecker
> Task :core:ports:checkKotlinGradlePluginConfigurationErrors SKIPPED
> Task :core:consent:checkKotlinGradlePluginConfigurationErrors SKIPPED
> Task :core:ai:preAndroidMainBuild UP-TO-DATE
> Task :core:consent:jvmProcessResources NO-SOURCE
> Task :core:documents:checkKotlinGradlePluginConfigurationErrors SKIPPED
> Task :core:documents:processJvmMainResources SKIPPED
> Task :app:generateDebugResources UP-TO-DATE
> Task :core:consent:processJvmMainResources SKIPPED
> Task :core:database:androidPreBuild UP-TO-DATE
> Task :core:database:preAndroidMainBuild UP-TO-DATE
> Task :core:data:androidPreBuild UP-TO-DATE
> Task :core:data:preAndroidMainBuild UP-TO-DATE
> Task :core:designsystem:preBuild UP-TO-DATE
> Task :core:designsystem:preDebugBuild UP-TO-DATE
> Task :core:ai:generateAndroidMainEmptyResourceFiles UP-TO-DATE
> Task :core:data:generateAndroidMainEmptyResourceFiles UP-TO-DATE
> Task :core:database:generateAndroidMainEmptyResourceFiles UP-TO-DATE
> Task :core:media:preBuild UP-TO-DATE
> Task :core:network:preBuild UP-TO-DATE
> Task :core:media:preDebugBuild UP-TO-DATE
> Task :feature:f02-food:preBuild UP-TO-DATE
> Task :core:designsystem:processDebugNavigationResources UP-TO-DATE
> Task :feature:f01-onboarding:preBuild UP-TO-DATE
> Task :app:packageDebugResources UP-TO-DATE
> Task :core:media:processDebugNavigationResources UP-TO-DATE
> Task :core:vault:androidPreBuild UP-TO-DATE
> Task :core:vault:preAndroidMainBuild UP-TO-DATE
> Task :feature:f04-shopping:preBuild UP-TO-DATE
> Task :core:vault:generateAndroidMainEmptyResourceFiles UP-TO-DATE
> Task :feature:f06-weight:preBuild UP-TO-DATE
> Task :feature:f06-weight:preDebugBuild UP-TO-DATE
> Task :feature:f06-weight:processDebugNavigationResources UP-TO-DATE
> Task :feature:f03-planning:preBuild UP-TO-DATE
> Task :core:network:preDebugBuild UP-TO-DATE
> Task :feature:f03-planning:preDebugBuild UP-TO-DATE
> Task :feature:f02-food:preDebugBuild UP-TO-DATE
> Task :feature:f04-shopping:preDebugBuild UP-TO-DATE
> Task :feature:f03-planning:processDebugNavigationResources UP-TO-DATE
> Task :feature:f10-daily-hub:preBuild UP-TO-DATE
> Task :feature:f12-consent:preBuild UP-TO-DATE
> Task :feature:f13-vault:preBuild UP-TO-DATE
> Task :feature:f10-daily-hub:preDebugBuild UP-TO-DATE
> Task :feature:f01-onboarding:preDebugBuild UP-TO-DATE
> Task :feature:f02-food:processDebugNavigationResources UP-TO-DATE
> Task :feature:f12-consent:preDebugBuild UP-TO-DATE
> Task :core:network:processDebugNavigationResources UP-TO-DATE
> Task :feature:f12-consent:processDebugNavigationResources UP-TO-DATE
> Task :core:model:compileKotlinJvm UP-TO-DATE
> Task :feature:f13-vault:preDebugBuild UP-TO-DATE
> Task :feature:f04-shopping:processDebugNavigationResources UP-TO-DATE
> Task :feature:f10-daily-hub:processDebugNavigationResources UP-TO-DATE
> Task :feature:f13-vault:processDebugNavigationResources UP-TO-DATE
> Task :core:ai:kmpPartiallyResolvedDependenciesChecker
> Task :core:data:kmpPartiallyResolvedDependenciesChecker
> Task :core:model:compileJvmMainJava NO-SOURCE
> Task :core:database:kmpPartiallyResolvedDependenciesChecker
> Task :core:ai:checkKotlinGradlePluginConfigurationErrors SKIPPED
> Task :core:designsystem:javaPreCompileDebug UP-TO-DATE
> Task :core:database:checkKotlinGradlePluginConfigurationErrors SKIPPED
> Task :core:media:generateDebugResources UP-TO-DATE
> Task :core:model:jvmMainClasses UP-TO-DATE
> Task :feature:f01-onboarding:processDebugNavigationResources UP-TO-DATE
> Task :core:designsystem:generateDebugResources UP-TO-DATE
> Task :core:media:javaPreCompileDebug UP-TO-DATE
> Task :core:data:checkKotlinGradlePluginConfigurationErrors SKIPPED
> Task :core:network:javaPreCompileDebug UP-TO-DATE
> Task :core:network:generateDebugResources UP-TO-DATE
> Task :feature:f01-onboarding:generateDebugResources UP-TO-DATE
> Task :core:vault:kmpPartiallyResolvedDependenciesChecker
> Task :feature:f01-onboarding:javaPreCompileDebug UP-TO-DATE
> Task :feature:f01-onboarding:packageDebugResources UP-TO-DATE
> Task :feature:f02-food:generateDebugResources UP-TO-DATE
> Task :core:media:packageDebugResources UP-TO-DATE
> Task :core:network:packageDebugResources UP-TO-DATE
> Task :core:vault:checkKotlinGradlePluginConfigurationErrors SKIPPED
> Task :core:designsystem:packageDebugResources UP-TO-DATE
> Task :feature:f01-onboarding:parseDebugLocalResources UP-TO-DATE
> Task :core:media:parseDebugLocalResources UP-TO-DATE
> Task :core:network:parseDebugLocalResources UP-TO-DATE
> Task :feature:f02-food:packageDebugResources UP-TO-DATE
> Task :core:model:jvmJar UP-TO-DATE
> Task :feature:f02-food:javaPreCompileDebug UP-TO-DATE
> Task :feature:f02-food:parseDebugLocalResources UP-TO-DATE
> Task :feature:f01-onboarding:generateDebugRFile UP-TO-DATE
> Task :core:designsystem:parseDebugLocalResources UP-TO-DATE
> Task :core:ports:compileKotlinJvm UP-TO-DATE
> Task :core:ports:compileJvmMainJava NO-SOURCE
> Task :core:ports:jvmMainClasses UP-TO-DATE
> Task :core:database:kspKotlinJvm UP-TO-DATE
> Task :core:database:kspAndroidMain UP-TO-DATE
> Task :core:database:jvmProcessResources NO-SOURCE
> Task :core:database:processJvmMainResources SKIPPED
> Task :core:ports:jvmJar UP-TO-DATE
> Task :core:common:compileKotlinJvm UP-TO-DATE
> Task :core:common:compileJvmMainJava NO-SOURCE
> Task :core:common:jvmMainClasses UP-TO-DATE
> Task :core:documents:compileKotlinJvm UP-TO-DATE
> Task :core:documents:compileJvmMainJava NO-SOURCE
> Task :core:documents:jvmMainClasses UP-TO-DATE
> Task :core:consent:compileKotlinJvm UP-TO-DATE
> Task :core:designsystem:generateDebugRFile UP-TO-DATE
> Task :core:consent:compileJvmMainJava NO-SOURCE
> Task :core:consent:jvmMainClasses UP-TO-DATE
> Task :core:common:jvmJar UP-TO-DATE
> Task :core:documents:jvmJar UP-TO-DATE
> Task :core:database:compileKotlinJvm UP-TO-DATE
> Task :core:database:compileJvmMainJava NO-SOURCE
> Task :core:database:jvmMainClasses UP-TO-DATE
> Task :core:consent:jvmJar UP-TO-DATE
> Task :core:database:compileAndroidMain UP-TO-DATE
> Task :core:engines:compileKotlinJvm UP-TO-DATE
> Task :core:engines:compileJvmMainJava NO-SOURCE
> Task :core:engines:jvmMainClasses UP-TO-DATE
> Task :core:database:bundleAndroidMainClassesToCompileJar UP-TO-DATE
> Task :core:datastore:compileKotlinJvm UP-TO-DATE
> Task :core:engines:jvmJar UP-TO-DATE
> Task :app:processDebugNavigationResources UP-TO-DATE
> Task :core:database:kspTestKotlinJvm UP-TO-DATE
> Task :core:media:generateDebugRFile UP-TO-DATE
> Task :core:datastore:compileJvmMainJava NO-SOURCE
> Task :core:database:copyRoomSchemas NO-SOURCE
> Task :core:datastore:jvmMainClasses UP-TO-DATE
> Task :core:ai:compileAndroidMain UP-TO-DATE
> Task :core:network:generateDebugRFile UP-TO-DATE
> Task :app:parseDebugLocalResources UP-TO-DATE
> Task :core:ai:bundleAndroidMainClassesToCompileJar UP-TO-DATE
> Task :core:testing:compileKotlinJvm UP-TO-DATE
> Task :core:datastore:jvmJar UP-TO-DATE
> Task :app:generateDebugRFile UP-TO-DATE
> Task :feature:f02-food:generateDebugRFile UP-TO-DATE
> Task :feature:f03-planning:javaPreCompileDebug UP-TO-DATE
> Task :feature:f03-planning:generateDebugResources UP-TO-DATE
> Task :feature:f04-shopping:generateDebugResources UP-TO-DATE
> Task :core:testing:compileJvmMainJava NO-SOURCE
> Task :core:testing:jvmMainClasses UP-TO-DATE
> Task :feature:f04-shopping:packageDebugResources UP-TO-DATE
> Task :feature:f04-shopping:parseDebugLocalResources UP-TO-DATE
> Task :feature:f04-shopping:javaPreCompileDebug UP-TO-DATE
> Task :feature:f04-shopping:generateDebugRFile UP-TO-DATE
> Task :core:testing:jvmJar UP-TO-DATE
> Task :feature:f06-weight:generateDebugResources UP-TO-DATE
> Task :feature:f10-daily-hub:generateDebugResources UP-TO-DATE
> Task :feature:f06-weight:javaPreCompileDebug UP-TO-DATE
> Task :feature:f10-daily-hub:javaPreCompileDebug UP-TO-DATE
> Task :feature:f03-planning:packageDebugResources UP-TO-DATE
> Task :feature:f12-consent:generateDebugResources UP-TO-DATE
> Task :feature:f06-weight:packageDebugResources UP-TO-DATE
> Task :feature:f03-planning:parseDebugLocalResources UP-TO-DATE
> Task :feature:f06-weight:parseDebugLocalResources UP-TO-DATE
> Task :feature:f10-daily-hub:packageDebugResources UP-TO-DATE
> Task :feature:f12-consent:packageDebugResources UP-TO-DATE
> Task :feature:f03-planning:generateDebugRFile UP-TO-DATE
> Task :feature:f06-weight:generateDebugRFile UP-TO-DATE
> Task :feature:f12-consent:parseDebugLocalResources UP-TO-DATE
> Task :feature:f10-daily-hub:parseDebugLocalResources UP-TO-DATE
> Task :feature:f12-consent:javaPreCompileDebug UP-TO-DATE
> Task :core:network:compileDebugKotlin UP-TO-DATE
> Task :feature:f13-vault:generateDebugResources UP-TO-DATE
> Task :feature:f13-vault:javaPreCompileDebug UP-TO-DATE
> Task :core:network:compileDebugJavaWithJavac NO-SOURCE
> Task :app:javaPreCompileDebug UP-TO-DATE
> Task :feature:f12-consent:generateDebugRFile UP-TO-DATE
> Task :app:generateDebugAssets UP-TO-DATE
> Task :core:data:compileAndroidMain UP-TO-DATE
> Task :core:designsystem:generateDebugAssets UP-TO-DATE
> Task :feature:f10-daily-hub:generateDebugRFile UP-TO-DATE
> Task :core:media:generateDebugAssets UP-TO-DATE
> Task :core:network:bundleLibCompileToJarDebug UP-TO-DATE
> Task :core:network:generateDebugAssets UP-TO-DATE
> Task :feature:f01-onboarding:generateDebugAssets UP-TO-DATE
> Task :feature:f13-vault:packageDebugResources UP-TO-DATE
> Task :core:data:bundleAndroidMainClassesToCompileJar UP-TO-DATE
> Task :core:media:compileDebugKotlin UP-TO-DATE
> Task :core:network:mergeDebugAssets UP-TO-DATE
> Task :core:designsystem:mergeDebugAssets UP-TO-DATE
> Task :feature:f01-onboarding:mergeDebugAssets UP-TO-DATE
> Task :core:media:mergeDebugAssets UP-TO-DATE
> Task :feature:f03-planning:generateDebugAssets UP-TO-DATE
> Task :feature:f13-vault:parseDebugLocalResources UP-TO-DATE
> Task :feature:f04-shopping:generateDebugAssets UP-TO-DATE
> Task :core:media:compileDebugJavaWithJavac NO-SOURCE
> Task :feature:f04-shopping:mergeDebugAssets UP-TO-DATE
> Task :feature:f06-weight:generateDebugAssets UP-TO-DATE
> Task :feature:f03-planning:mergeDebugAssets UP-TO-DATE
> Task :feature:f10-daily-hub:generateDebugAssets UP-TO-DATE
> Task :feature:f10-daily-hub:mergeDebugAssets UP-TO-DATE
> Task :feature:f13-vault:generateDebugRFile UP-TO-DATE
> Task :feature:f06-weight:mergeDebugAssets UP-TO-DATE
> Task :feature:f02-food:generateDebugAssets UP-TO-DATE
> Task :feature:f12-consent:generateDebugAssets UP-TO-DATE
> Task :feature:f13-vault:generateDebugAssets UP-TO-DATE
> Task :feature:f12-consent:mergeDebugAssets UP-TO-DATE
> Task :feature:f02-food:mergeDebugAssets UP-TO-DATE
> Task :app:generateDebugGlobalSynthetics UP-TO-DATE
> Task :core:media:bundleLibCompileToJarDebug UP-TO-DATE
> Task :core:media:processDebugJavaRes UP-TO-DATE
> Task :core:ai:processAndroidMainJavaRes UP-TO-DATE
> Task :feature:f13-vault:mergeDebugAssets UP-TO-DATE
> Task :core:network:processDebugJavaRes UP-TO-DATE
> Task :app:desugarDebugFileDependencies UP-TO-DATE
> Task :core:data:processAndroidMainJavaRes UP-TO-DATE
> Task :core:data:bundleLibRuntimeToDirAndroidMain UP-TO-DATE
> Task :core:database:processAndroidMainJavaRes UP-TO-DATE
> Task :core:network:bundleLibRuntimeToDirDebug UP-TO-DATE
> Task :core:ai:bundleLibRuntimeToDirAndroidMain UP-TO-DATE
> Task :core:database:bundleLibRuntimeToDirAndroidMain UP-TO-DATE
> Task :core:media:bundleLibRuntimeToDirDebug UP-TO-DATE
> Task :core:data:writeAndroidMainAarMetadata UP-TO-DATE
> Task :core:vault:compileAndroidMain UP-TO-DATE
> Task :core:database:writeAndroidMainAarMetadata UP-TO-DATE
> Task :core:vault:processAndroidMainJavaRes UP-TO-DATE
> Task :core:vault:bundleLibRuntimeToDirAndroidMain UP-TO-DATE
> Task :core:ai:writeAndroidMainAarMetadata UP-TO-DATE
> Task :core:designsystem:writeDebugAarMetadata UP-TO-DATE
> Task :core:media:writeDebugAarMetadata UP-TO-DATE
> Task :core:vault:bundleAndroidMainClassesToCompileJar UP-TO-DATE
> Task :core:vault:writeAndroidMainAarMetadata UP-TO-DATE
> Task :feature:f01-onboarding:writeDebugAarMetadata UP-TO-DATE
> Task :core:network:writeDebugAarMetadata UP-TO-DATE
> Task :feature:f03-planning:writeDebugAarMetadata UP-TO-DATE
> Task :feature:f02-food:writeDebugAarMetadata UP-TO-DATE
> Task :feature:f04-shopping:writeDebugAarMetadata UP-TO-DATE
> Task :feature:f06-weight:writeDebugAarMetadata UP-TO-DATE
> Task :feature:f10-daily-hub:writeDebugAarMetadata UP-TO-DATE
> Task :app:mapDebugSourceSetPaths UP-TO-DATE
> Task :feature:f12-consent:writeDebugAarMetadata UP-TO-DATE
> Task :feature:f13-vault:writeDebugAarMetadata UP-TO-DATE
> Task :app:createDebugCompatibleScreenManifests UP-TO-DATE
> Task :app:compileDebugNavigationResources UP-TO-DATE
> Task :app:checkDebugDuplicateClasses UP-TO-DATE
> Task :app:extractDeepLinksDebug UP-TO-DATE
> Task :app:mergeDebugAssets UP-TO-DATE
> Task :app:compressDebugAssets UP-TO-DATE
> Task :core:ai:processAndroidMainManifest UP-TO-DATE
> Task :core:designsystem:extractDeepLinksDebug UP-TO-DATE
> Task :core:data:processAndroidMainManifest UP-TO-DATE
> Task :core:media:extractDeepLinksDebug UP-TO-DATE
> Task :core:database:processAndroidMainManifest UP-TO-DATE
> Task :core:network:extractDeepLinksDebug UP-TO-DATE
> Task :core:designsystem:processDebugManifest UP-TO-DATE
> Task :core:media:processDebugManifest UP-TO-DATE
> Task :feature:f01-onboarding:extractDeepLinksDebug UP-TO-DATE
> Task :core:network:processDebugManifest UP-TO-DATE
> Task :core:vault:processAndroidMainManifest UP-TO-DATE
> Task :feature:f03-planning:extractDeepLinksDebug UP-TO-DATE
> Task :feature:f02-food:extractDeepLinksDebug UP-TO-DATE
> Task :feature:f04-shopping:extractDeepLinksDebug UP-TO-DATE
> Task :feature:f01-onboarding:processDebugManifest UP-TO-DATE
> Task :feature:f02-food:processDebugManifest UP-TO-DATE
> Task :feature:f06-weight:extractDeepLinksDebug UP-TO-DATE
> Task :feature:f03-planning:processDebugManifest UP-TO-DATE
> Task :feature:f10-daily-hub:extractDeepLinksDebug UP-TO-DATE
> Task :feature:f04-shopping:processDebugManifest UP-TO-DATE
> Task :feature:f06-weight:processDebugManifest UP-TO-DATE
> Task :feature:f12-consent:extractDeepLinksDebug UP-TO-DATE
> Task :feature:f13-vault:extractDeepLinksDebug UP-TO-DATE
> Task :core:designsystem:mapDebugSourceSetPaths UP-TO-DATE
> Task :feature:f10-daily-hub:processDebugManifest UP-TO-DATE
> Task :core:designsystem:compileDebugLibraryResources UP-TO-DATE
> Task :feature:f12-consent:processDebugManifest UP-TO-DATE
> Task :core:network:mapDebugSourceSetPaths UP-TO-DATE
> Task :feature:f13-vault:processDebugManifest UP-TO-DATE
> Task :core:media:mapDebugSourceSetPaths UP-TO-DATE
> Task :app:mergeExtDexDebug UP-TO-DATE
> Task :core:network:compileDebugLibraryResources UP-TO-DATE
> Task :feature:f01-onboarding:mapDebugSourceSetPaths UP-TO-DATE
> Task :core:media:compileDebugLibraryResources UP-TO-DATE
> Task :app:mergeDebugResources UP-TO-DATE
> Task :feature:f03-planning:mapDebugSourceSetPaths UP-TO-DATE
> Task :feature:f02-food:mapDebugSourceSetPaths UP-TO-DATE
> Task :feature:f01-onboarding:compileDebugLibraryResources UP-TO-DATE
> Task :feature:f06-weight:mapDebugSourceSetPaths UP-TO-DATE
> Task :feature:f03-planning:compileDebugLibraryResources UP-TO-DATE
> Task :feature:f04-shopping:mapDebugSourceSetPaths UP-TO-DATE
> Task :feature:f02-food:compileDebugLibraryResources UP-TO-DATE
> Task :feature:f06-weight:compileDebugLibraryResources UP-TO-DATE
> Task :feature:f10-daily-hub:mapDebugSourceSetPaths UP-TO-DATE
> Task :feature:f12-consent:mapDebugSourceSetPaths UP-TO-DATE
> Task :feature:f13-vault:mapDebugSourceSetPaths UP-TO-DATE
> Task :feature:f04-shopping:compileDebugLibraryResources UP-TO-DATE
> Task :feature:f12-consent:compileDebugLibraryResources UP-TO-DATE
> Task :feature:f10-daily-hub:compileDebugLibraryResources UP-TO-DATE
> Task :app:checkDebugAarMetadata UP-TO-DATE
> Task :core:ai:mergeAndroidMainJniLibFolders UP-TO-DATE
> Task :feature:f13-vault:compileDebugLibraryResources UP-TO-DATE
> Task :app:mergeDebugJniLibFolders UP-TO-DATE
> Task :core:ai:mergeAndroidMainNativeLibs NO-SOURCE
> Task :core:data:mergeAndroidMainJniLibFolders UP-TO-DATE
> Task :core:database:mergeAndroidMainJniLibFolders UP-TO-DATE
> Task :core:designsystem:mergeDebugJniLibFolders UP-TO-DATE
> Task :core:media:mergeDebugJniLibFolders UP-TO-DATE
> Task :core:network:mergeDebugJniLibFolders UP-TO-DATE
> Task :core:database:mergeAndroidMainNativeLibs NO-SOURCE
> Task :core:ai:copyAndroidMainJniLibsProjectOnly UP-TO-DATE
> Task :core:network:mergeDebugNativeLibs NO-SOURCE
> Task :core:database:copyAndroidMainJniLibsProjectOnly UP-TO-DATE
> Task :core:network:copyDebugJniLibsProjectOnly UP-TO-DATE
> Task :core:data:mergeAndroidMainNativeLibs NO-SOURCE
> Task :core:vault:mergeAndroidMainJniLibFolders UP-TO-DATE
> Task :core:media:mergeDebugNativeLibs NO-SOURCE
> Task :feature:f01-onboarding:mergeDebugJniLibFolders UP-TO-DATE
> Task :core:vault:mergeAndroidMainNativeLibs NO-SOURCE
> Task :feature:f02-food:mergeDebugJniLibFolders UP-TO-DATE
> Task :core:designsystem:mergeDebugNativeLibs NO-SOURCE
> Task :core:data:copyAndroidMainJniLibsProjectOnly UP-TO-DATE
> Task :core:media:copyDebugJniLibsProjectOnly UP-TO-DATE
> Task :feature:f01-onboarding:mergeDebugNativeLibs NO-SOURCE
> Task :feature:f02-food:mergeDebugNativeLibs NO-SOURCE
> Task :core:designsystem:copyDebugJniLibsProjectOnly UP-TO-DATE
> Task :core:vault:copyAndroidMainJniLibsProjectOnly UP-TO-DATE
> Task :feature:f03-planning:mergeDebugJniLibFolders UP-TO-DATE
> Task :feature:f04-shopping:mergeDebugJniLibFolders UP-TO-DATE
> Task :feature:f01-onboarding:copyDebugJniLibsProjectOnly UP-TO-DATE
> Task :feature:f02-food:copyDebugJniLibsProjectOnly UP-TO-DATE
> Task :feature:f03-planning:mergeDebugNativeLibs NO-SOURCE
> Task :feature:f06-weight:mergeDebugJniLibFolders UP-TO-DATE
> Task :feature:f04-shopping:mergeDebugNativeLibs NO-SOURCE
> Task :feature:f10-daily-hub:mergeDebugJniLibFolders UP-TO-DATE
> Task :feature:f06-weight:mergeDebugNativeLibs NO-SOURCE
> Task :feature:f12-consent:mergeDebugJniLibFolders UP-TO-DATE
> Task :feature:f13-vault:mergeDebugJniLibFolders UP-TO-DATE
> Task :feature:f12-consent:mergeDebugNativeLibs NO-SOURCE
> Task :feature:f03-planning:copyDebugJniLibsProjectOnly UP-TO-DATE
> Task :feature:f10-daily-hub:mergeDebugNativeLibs NO-SOURCE
> Task :feature:f13-vault:mergeDebugNativeLibs NO-SOURCE
> Task :feature:f04-shopping:copyDebugJniLibsProjectOnly UP-TO-DATE
> Task :feature:f12-consent:copyDebugJniLibsProjectOnly UP-TO-DATE
> Task :feature:f06-weight:copyDebugJniLibsProjectOnly UP-TO-DATE
> Task :app:validateSigningDebug UP-TO-DATE
> Task :core:designsystem:preDebugUnitTestBuild UP-TO-DATE
> Task :feature:f10-daily-hub:copyDebugJniLibsProjectOnly UP-TO-DATE
> Task :app:writeDebugAppMetadata UP-TO-DATE
> Task :feature:f13-vault:copyDebugJniLibsProjectOnly UP-TO-DATE
> Task :core:designsystem:javaPreCompileDebugUnitTest UP-TO-DATE
> Task :feature:f06-weight:preDebugUnitTestBuild UP-TO-DATE
> Task :app:writeDebugSigningConfigVersions UP-TO-DATE
> Task :core:data:bundleAndroidMainClassesToRuntimeJar UP-TO-DATE
> Task :app:preDebugUnitTestBuild UP-TO-DATE
> Task :core:database:bundleAndroidMainClassesToRuntimeJar UP-TO-DATE
> Task :feature:f06-weight:javaPreCompileDebugUnitTest UP-TO-DATE
> Task :app:javaPreCompileDebugUnitTest UP-TO-DATE
> Task :core:ai:bundleAndroidMainClassesToRuntimeJar UP-TO-DATE
> Task :core:media:bundleLibRuntimeToJarDebug UP-TO-DATE
> Task :core:vault:bundleAndroidMainClassesToRuntimeJar UP-TO-DATE
> Task :core:network:bundleLibRuntimeToJarDebug UP-TO-DATE
> Task :app:loadKtlintReporters UP-TO-DATE
> Task :benchmarks:loadKtlintReporters UP-TO-DATE
> Task :app:runKtlintCheckOverAndroidTestBenchmarkSourceSet NO-SOURCE
> Task :app:ktlintAndroidTestBenchmarkSourceSetCheck SKIPPED
> Task :core:ai:loadKtlintReporters UP-TO-DATE
> Task :app:runKtlintCheckOverAndroidTestSourceSet UP-TO-DATE
> Task :app:runKtlintCheckOverAndroidTestDebugSourceSet NO-SOURCE
> Task :app:ktlintAndroidTestDebugSourceSetCheck SKIPPED
> Task :app:ktlintAndroidTestSourceSetCheck UP-TO-DATE
> Task :core:designsystem:generateDebugUnitTestStubRFile UP-TO-DATE
> Task :app:runKtlintCheckOverDebugSourceSet UP-TO-DATE
> Task :app:ktlintDebugSourceSetCheck UP-TO-DATE
> Task :app:runKtlintCheckOverAndroidTestReleaseSourceSet NO-SOURCE
> Task :app:ktlintAndroidTestReleaseSourceSetCheck SKIPPED
> Task :app:runKtlintCheckOverMainSourceSet UP-TO-DATE
> Task :app:runKtlintCheckOverBenchmarkSourceSet NO-SOURCE
> Task :app:ktlintBenchmarkSourceSetCheck SKIPPED
> Task :app:runKtlintCheckOverKotlinScripts UP-TO-DATE
> Task :app:runKtlintCheckOverReleaseSourceSet NO-SOURCE
> Task :app:ktlintReleaseSourceSetCheck SKIPPED
> Task :app:runKtlintCheckOverTestBenchmarkSourceSet NO-SOURCE
> Task :app:ktlintTestBenchmarkSourceSetCheck SKIPPED
> Task :app:runKtlintCheckOverTestDebugSourceSet NO-SOURCE
> Task :app:ktlintTestDebugSourceSetCheck SKIPPED
> Task :feature:f06-weight:generateDebugUnitTestStubRFile UP-TO-DATE
> Task :app:runKtlintCheckOverTestFixturesBenchmarkSourceSet NO-SOURCE
> Task :app:ktlintTestFixturesBenchmarkSourceSetCheck SKIPPED
> Task :app:runKtlintCheckOverTestFixturesDebugSourceSet NO-SOURCE
> Task :app:processDebugMainManifest UP-TO-DATE
> Task :app:ktlintKotlinScriptCheck UP-TO-DATE
> Task :app:runKtlintCheckOverTestFixturesReleaseSourceSet NO-SOURCE
> Task :app:ktlintTestFixturesDebugSourceSetCheck SKIPPED
> Task :app:ktlintTestFixturesReleaseSourceSetCheck SKIPPED
> Task :app:runKtlintCheckOverTestFixturesSourceSet NO-SOURCE
> Task :app:ktlintTestFixturesSourceSetCheck SKIPPED
> Task :app:processDebugManifest UP-TO-DATE
> Task :app:runKtlintCheckOverTestReleaseSourceSet NO-SOURCE
> Task :benchmarks:runKtlintCheckOverBenchmarkSourceSet NO-SOURCE
> Task :app:ktlintTestReleaseSourceSetCheck SKIPPED
> Task :benchmarks:runKtlintCheckOverDebugSourceSet NO-SOURCE
> Task :benchmarks:ktlintBenchmarkSourceSetCheck SKIPPED
> Task :app:processDebugManifestForPackage UP-TO-DATE
> Task :benchmarks:ktlintDebugSourceSetCheck SKIPPED
> Task :core:ai:runKtlintCheckOverAndroidHostTestSourceSet NO-SOURCE
> Task :app:runKtlintCheckOverTestSourceSet UP-TO-DATE
> Task :core:ai:ktlintAndroidHostTestSourceSetCheck SKIPPED
> Task :benchmarks:runKtlintCheckOverMainSourceSet UP-TO-DATE
> Task :core:ai:runKtlintCheckOverAndroidMainSourceSet UP-TO-DATE
> Task :benchmarks:runKtlintCheckOverKotlinScripts UP-TO-DATE
> Task :benchmarks:ktlintMainSourceSetCheck UP-TO-DATE
> Task :app:ktlintTestSourceSetCheck UP-TO-DATE
> Task :core:ai:ktlintAndroidMainSourceSetCheck UP-TO-DATE
> Task :core:ai:runKtlintCheckOverJvmMainSourceSet NO-SOURCE
> Task :core:ai:ktlintJvmMainSourceSetCheck SKIPPED
> Task :benchmarks:ktlintKotlinScriptCheck UP-TO-DATE
> Task :core:ai:runKtlintCheckOverCommonTestSourceSet NO-SOURCE
> Task :benchmarks:ktlintCheck UP-TO-DATE
> Task :core:ai:ktlintCommonTestSourceSetCheck SKIPPED
> Task :core:ai:runKtlintCheckOverCommonMainSourceSet UP-TO-DATE
> Task :core:ai:runKtlintCheckOverJvmTestSourceSet UP-TO-DATE
> Task :core:common:loadKtlintReporters UP-TO-DATE
> Task :core:ai:ktlintCommonMainSourceSetCheck UP-TO-DATE
> Task :core:common:runKtlintCheckOverCommonMainSourceSet UP-TO-DATE
> Task :core:ai:runKtlintCheckOverKotlinScripts UP-TO-DATE
> Task :core:ai:ktlintJvmTestSourceSetCheck UP-TO-DATE
> Task :core:common:runKtlintCheckOverJvmMainSourceSet NO-SOURCE
> Task :core:common:ktlintJvmMainSourceSetCheck SKIPPED
> Task :core:ai:ktlintKotlinScriptCheck UP-TO-DATE
> Task :core:ai:ktlintCheck UP-TO-DATE
> Task :core:common:runKtlintCheckOverCommonTestSourceSet UP-TO-DATE
> Task :core:common:runKtlintCheckOverJvmTestSourceSet NO-SOURCE
> Task :core:common:ktlintCommonMainSourceSetCheck UP-TO-DATE
> Task :core:common:ktlintJvmTestSourceSetCheck SKIPPED
> Task :core:common:runKtlintCheckOverKotlinScripts UP-TO-DATE
> Task :core:common:ktlintCommonTestSourceSetCheck UP-TO-DATE
> Task :core:data:loadKtlintReporters UP-TO-DATE
> Task :core:consent:loadKtlintReporters UP-TO-DATE
> Task :core:common:ktlintKotlinScriptCheck UP-TO-DATE
> Task :core:common:ktlintCheck UP-TO-DATE
> Task :core:database:loadKtlintReporters UP-TO-DATE
> Task :core:data:runKtlintCheckOverAndroidHostTestSourceSet NO-SOURCE
> Task :core:consent:runKtlintCheckOverJvmTestSourceSet NO-SOURCE
> Task :core:consent:ktlintJvmTestSourceSetCheck SKIPPED
> Task :core:consent:runKtlintCheckOverJvmMainSourceSet NO-SOURCE
> Task :core:consent:ktlintJvmMainSourceSetCheck SKIPPED
> Task :core:data:ktlintAndroidHostTestSourceSetCheck SKIPPED
> Task :core:data:runKtlintCheckOverAndroidMainSourceSet NO-SOURCE
> Task :core:data:ktlintAndroidMainSourceSetCheck SKIPPED
> Task :core:consent:runKtlintCheckOverCommonMainSourceSet UP-TO-DATE
> Task :core:consent:runKtlintCheckOverCommonTestSourceSet UP-TO-DATE
> Task :core:consent:runKtlintCheckOverKotlinScripts UP-TO-DATE
> Task :core:data:runKtlintCheckOverCommonMainSourceSet UP-TO-DATE
> Task :core:consent:ktlintCommonMainSourceSetCheck UP-TO-DATE
> Task :core:consent:ktlintCommonTestSourceSetCheck UP-TO-DATE
> Task :core:data:runKtlintCheckOverJvmMainSourceSet NO-SOURCE
> Task :core:data:ktlintJvmMainSourceSetCheck SKIPPED
> Task :core:data:runKtlintCheckOverCommonTestSourceSet NO-SOURCE
> Task :core:data:ktlintCommonTestSourceSetCheck SKIPPED
> Task :core:consent:ktlintKotlinScriptCheck UP-TO-DATE
> Task :core:consent:ktlintCheck UP-TO-DATE
> Task :core:data:ktlintCommonMainSourceSetCheck UP-TO-DATE
> Task :core:database:runKtlintCheckOverAndroidHostTestSourceSet NO-SOURCE
> Task :core:database:ktlintAndroidHostTestSourceSetCheck SKIPPED
> Task :app:mergeDebugNativeLibs UP-TO-DATE
> Task :core:data:runKtlintCheckOverJvmTestSourceSet UP-TO-DATE
> Task :app:stripDebugDebugSymbols UP-TO-DATE
> Task :core:database:runKtlintCheckOverCommonTestSourceSet NO-SOURCE
> Task :core:data:runKtlintCheckOverKotlinScripts UP-TO-DATE
> Task :core:database:runKtlintCheckOverAndroidMainSourceSet UP-TO-DATE
> Task :core:database:ktlintCommonTestSourceSetCheck SKIPPED
> Task :core:data:ktlintJvmTestSourceSetCheck UP-TO-DATE
> Task :core:database:runKtlintCheckOverCommonMainSourceSet UP-TO-DATE
> Task :core:database:ktlintAndroidMainSourceSetCheck UP-TO-DATE
> Task :core:data:ktlintKotlinScriptCheck UP-TO-DATE
> Task :core:data:ktlintCheck UP-TO-DATE
> Task :core:database:ktlintCommonMainSourceSetCheck UP-TO-DATE
> Task :core:database:runKtlintCheckOverJvmMainSourceSet UP-TO-DATE
> Task :core:datastore:loadKtlintReporters UP-TO-DATE
> Task :core:designsystem:loadKtlintReporters UP-TO-DATE
> Task :core:database:runKtlintCheckOverJvmTestSourceSet UP-TO-DATE
> Task :core:database:ktlintJvmMainSourceSetCheck UP-TO-DATE
> Task :core:datastore:runKtlintCheckOverCommonTestSourceSet NO-SOURCE
> Task :core:datastore:runKtlintCheckOverJvmMainSourceSet NO-SOURCE
> Task :core:datastore:ktlintJvmMainSourceSetCheck SKIPPED
> Task :core:database:ktlintJvmTestSourceSetCheck UP-TO-DATE
> Task :core:datastore:ktlintCommonTestSourceSetCheck SKIPPED
> Task :core:database:runKtlintCheckOverKotlinScripts UP-TO-DATE
> Task :core:datastore:runKtlintCheckOverCommonMainSourceSet UP-TO-DATE
> Task :core:designsystem:runKtlintCheckOverAndroidTestDebugSourceSet NO-SOURCE
> Task :core:designsystem:ktlintAndroidTestDebugSourceSetCheck SKIPPED
> Task :core:datastore:runKtlintCheckOverJvmTestSourceSet UP-TO-DATE
> Task :core:designsystem:runKtlintCheckOverAndroidTestReleaseSourceSet NO-SOURCE
> Task :core:designsystem:ktlintAndroidTestReleaseSourceSetCheck SKIPPED
> Task :core:designsystem:runKtlintCheckOverAndroidTestSourceSet NO-SOURCE
> Task :core:datastore:ktlintCommonMainSourceSetCheck UP-TO-DATE
> Task :core:designsystem:ktlintAndroidTestSourceSetCheck SKIPPED
> Task :core:designsystem:runKtlintCheckOverDebugSourceSet NO-SOURCE
> Task :core:designsystem:ktlintDebugSourceSetCheck SKIPPED
> Task :core:database:ktlintKotlinScriptCheck UP-TO-DATE
> Task :core:database:ktlintCheck UP-TO-DATE
> Task :core:datastore:runKtlintCheckOverKotlinScripts UP-TO-DATE
> Task :core:designsystem:runKtlintCheckOverReleaseSourceSet NO-SOURCE
> Task :core:designsystem:ktlintReleaseSourceSetCheck SKIPPED
> Task :core:datastore:ktlintJvmTestSourceSetCheck UP-TO-DATE
> Task :core:designsystem:runKtlintCheckOverKotlinScripts UP-TO-DATE
> Task :core:designsystem:runKtlintCheckOverTestDebugSourceSet NO-SOURCE
> Task :core:designsystem:ktlintTestDebugSourceSetCheck SKIPPED
> Task :core:designsystem:runKtlintCheckOverTestFixturesDebugSourceSet NO-SOURCE
> Task :core:datastore:ktlintKotlinScriptCheck UP-TO-DATE
> Task :core:datastore:ktlintCheck UP-TO-DATE
> Task :core:designsystem:runKtlintCheckOverTestFixturesReleaseSourceSet NO-SOURCE
> Task :core:designsystem:ktlintKotlinScriptCheck UP-TO-DATE
> Task :core:designsystem:ktlintTestFixturesReleaseSourceSetCheck SKIPPED
> Task :core:designsystem:runKtlintCheckOverTestReleaseSourceSet NO-SOURCE
> Task :core:designsystem:ktlintTestReleaseSourceSetCheck SKIPPED
> Task :core:designsystem:ktlintTestFixturesDebugSourceSetCheck SKIPPED
> Task :core:designsystem:runKtlintCheckOverTestFixturesSourceSet NO-SOURCE
> Task :core:designsystem:ktlintTestFixturesSourceSetCheck SKIPPED
> Task :core:designsystem:runKtlintCheckOverTestSourceSet UP-TO-DATE
> Task :core:documents:loadKtlintReporters UP-TO-DATE
> Task :core:media:loadKtlintReporters UP-TO-DATE
> Task :core:engines:loadKtlintReporters UP-TO-DATE
> Task :core:documents:runKtlintCheckOverCommonMainSourceSet UP-TO-DATE
> Task :core:documents:runKtlintCheckOverJvmMainSourceSet NO-SOURCE
> Task :core:documents:ktlintJvmMainSourceSetCheck SKIPPED
> Task :core:documents:runKtlintCheckOverJvmTestSourceSet NO-SOURCE
> Task :core:documents:ktlintJvmTestSourceSetCheck SKIPPED
> Task :core:designsystem:ktlintTestSourceSetCheck UP-TO-DATE
> Task :core:documents:ktlintCommonMainSourceSetCheck UP-TO-DATE
> Task :core:engines:runKtlintCheckOverCommonTestSourceSet UP-TO-DATE
> Task :core:engines:ktlintCommonTestSourceSetCheck UP-TO-DATE
> Task :core:engines:runKtlintCheckOverJvmMainSourceSet NO-SOURCE
> Task :core:engines:ktlintJvmMainSourceSetCheck SKIPPED
> Task :core:engines:runKtlintCheckOverJvmTestSourceSet UP-TO-DATE
> Task :core:documents:runKtlintCheckOverCommonTestSourceSet UP-TO-DATE
> Task :core:engines:ktlintJvmTestSourceSetCheck UP-TO-DATE
> Task :core:engines:runKtlintCheckOverCommonMainSourceSet UP-TO-DATE
> Task :core:documents:ktlintCommonTestSourceSetCheck UP-TO-DATE
> Task :core:media:runKtlintCheckOverAndroidTestDebugSourceSet NO-SOURCE
> Task :core:engines:ktlintCommonMainSourceSetCheck UP-TO-DATE
> Task :core:media:ktlintAndroidTestDebugSourceSetCheck SKIPPED
> Task :core:media:runKtlintCheckOverAndroidTestSourceSet NO-SOURCE
> Task :core:media:ktlintAndroidTestSourceSetCheck SKIPPED
> Task :core:documents:runKtlintCheckOverKotlinScripts UP-TO-DATE
> Task :core:media:runKtlintCheckOverDebugSourceSet NO-SOURCE
> Task :core:media:runKtlintCheckOverAndroidTestReleaseSourceSet NO-SOURCE
> Task :core:media:ktlintAndroidTestReleaseSourceSetCheck SKIPPED
> Task :core:media:ktlintDebugSourceSetCheck SKIPPED
> Task :core:documents:ktlintKotlinScriptCheck UP-TO-DATE
> Task :core:documents:ktlintCheck UP-TO-DATE
> Task :core:engines:runKtlintCheckOverKotlinScripts UP-TO-DATE
> Task :core:media:runKtlintCheckOverReleaseSourceSet NO-SOURCE
> Task :core:engines:ktlintKotlinScriptCheck UP-TO-DATE
> Task :core:engines:ktlintCheck UP-TO-DATE
> Task :core:media:runKtlintCheckOverTestDebugSourceSet NO-SOURCE
> Task :core:media:ktlintTestDebugSourceSetCheck SKIPPED
> Task :core:media:runKtlintCheckOverMainSourceSet UP-TO-DATE
> Task :core:media:ktlintReleaseSourceSetCheck SKIPPED
> Task :core:media:runKtlintCheckOverTestFixturesDebugSourceSet NO-SOURCE
> Task :core:media:ktlintTestFixturesDebugSourceSetCheck SKIPPED
> Task :core:media:runKtlintCheckOverKotlinScripts UP-TO-DATE
> Task :core:media:runKtlintCheckOverTestFixturesReleaseSourceSet NO-SOURCE
> Task :core:media:ktlintTestFixturesReleaseSourceSetCheck SKIPPED
> Task :core:media:runKtlintCheckOverTestFixturesSourceSet NO-SOURCE
> Task :core:media:ktlintTestFixturesSourceSetCheck SKIPPED
> Task :core:media:ktlintKotlinScriptCheck UP-TO-DATE
> Task :core:media:runKtlintCheckOverTestReleaseSourceSet NO-SOURCE
> Task :core:media:ktlintTestReleaseSourceSetCheck SKIPPED
> Task :core:media:ktlintMainSourceSetCheck UP-TO-DATE
> Task :core:media:runKtlintCheckOverTestSourceSet NO-SOURCE
> Task :core:model:loadKtlintReporters UP-TO-DATE
> Task :core:network:loadKtlintReporters UP-TO-DATE
> Task :core:media:ktlintTestSourceSetCheck SKIPPED
> Task :core:media:ktlintCheck UP-TO-DATE
> Task :core:ports:loadKtlintReporters UP-TO-DATE
> Task :core:model:runKtlintCheckOverJvmMainSourceSet NO-SOURCE
> Task :core:model:runKtlintCheckOverCommonTestSourceSet UP-TO-DATE
> Task :core:model:ktlintJvmMainSourceSetCheck SKIPPED
> Task :core:model:runKtlintCheckOverJvmTestSourceSet NO-SOURCE
> Task :core:model:ktlintJvmTestSourceSetCheck SKIPPED
> Task :core:model:runKtlintCheckOverCommonMainSourceSet UP-TO-DATE
> Task :core:network:runKtlintCheckOverAndroidTestDebugSourceSet NO-SOURCE
> Task :core:network:ktlintAndroidTestDebugSourceSetCheck SKIPPED
> Task :core:model:ktlintCommonTestSourceSetCheck UP-TO-DATE
> Task :core:network:runKtlintCheckOverAndroidTestReleaseSourceSet NO-SOURCE
> Task :core:network:ktlintAndroidTestReleaseSourceSetCheck SKIPPED
> Task :core:model:runKtlintCheckOverKotlinScripts UP-TO-DATE
> Task :core:network:runKtlintCheckOverDebugSourceSet NO-SOURCE
> Task :core:model:ktlintCommonMainSourceSetCheck UP-TO-DATE
> Task :core:network:runKtlintCheckOverAndroidTestSourceSet NO-SOURCE
> Task :core:network:ktlintDebugSourceSetCheck SKIPPED
> Task :core:network:ktlintAndroidTestSourceSetCheck SKIPPED
> Task :core:network:runKtlintCheckOverReleaseSourceSet NO-SOURCE
> Task :core:model:ktlintKotlinScriptCheck UP-TO-DATE
> Task :core:model:ktlintCheck UP-TO-DATE
> Task :core:network:ktlintReleaseSourceSetCheck SKIPPED
> Task :core:network:runKtlintCheckOverTestDebugSourceSet NO-SOURCE
> Task :core:network:runKtlintCheckOverMainSourceSet UP-TO-DATE
> Task :core:network:runKtlintCheckOverTestFixturesDebugSourceSet NO-SOURCE
> Task :core:network:ktlintMainSourceSetCheck UP-TO-DATE
> Task :core:network:ktlintTestFixturesDebugSourceSetCheck SKIPPED
> Task :core:network:ktlintTestDebugSourceSetCheck SKIPPED
> Task :core:network:runKtlintCheckOverTestReleaseSourceSet NO-SOURCE
> Task :core:network:runKtlintCheckOverTestFixturesReleaseSourceSet NO-SOURCE
> Task :core:network:ktlintTestReleaseSourceSetCheck SKIPPED
> Task :core:network:runKtlintCheckOverTestFixturesSourceSet NO-SOURCE
> Task :core:network:ktlintTestFixturesReleaseSourceSetCheck SKIPPED
> Task :core:network:ktlintTestFixturesSourceSetCheck SKIPPED
> Task :core:network:runKtlintCheckOverKotlinScripts UP-TO-DATE
> Task :core:ports:runKtlintCheckOverCommonTestSourceSet NO-SOURCE
> Task :core:ports:ktlintCommonTestSourceSetCheck SKIPPED
> Task :core:ports:runKtlintCheckOverJvmMainSourceSet NO-SOURCE
> Task :core:ports:runKtlintCheckOverCommonMainSourceSet UP-TO-DATE
> Task :core:ports:ktlintJvmMainSourceSetCheck SKIPPED
> Task :core:network:ktlintKotlinScriptCheck UP-TO-DATE
> Task :core:ports:runKtlintCheckOverJvmTestSourceSet NO-SOURCE
> Task :core:network:runKtlintCheckOverTestSourceSet UP-TO-DATE
> Task :core:ports:ktlintJvmTestSourceSetCheck SKIPPED
> Task :core:ports:ktlintCommonMainSourceSetCheck UP-TO-DATE
> Task :core:testing:loadKtlintReporters UP-TO-DATE
> Task :core:network:ktlintTestSourceSetCheck UP-TO-DATE
> Task :core:ports:runKtlintCheckOverKotlinScripts UP-TO-DATE
> Task :core:testing:runKtlintCheckOverCommonMainSourceSet UP-TO-DATE
> Task :core:vault:loadKtlintReporters UP-TO-DATE
> Task :core:network:ktlintCheck UP-TO-DATE
> Task :core:testing:ktlintCommonMainSourceSetCheck UP-TO-DATE
> Task :core:testing:runKtlintCheckOverCommonTestSourceSet NO-SOURCE
> Task :core:testing:ktlintCommonTestSourceSetCheck SKIPPED
> Task :core:testing:runKtlintCheckOverJvmTestSourceSet NO-SOURCE
> Task :core:testing:ktlintJvmTestSourceSetCheck SKIPPED
> Task :core:vault:runKtlintCheckOverAndroidHostTestSourceSet NO-SOURCE
> Task :core:ports:ktlintKotlinScriptCheck UP-TO-DATE
> Task :core:vault:ktlintAndroidHostTestSourceSetCheck SKIPPED
> Task :core:ports:ktlintCheck UP-TO-DATE
> Task :core:testing:runKtlintCheckOverJvmMainSourceSet UP-TO-DATE
> Task :core:vault:runKtlintCheckOverAndroidMainSourceSet UP-TO-DATE
> Task :core:testing:ktlintJvmMainSourceSetCheck UP-TO-DATE
> Task :core:vault:runKtlintCheckOverCommonMainSourceSet UP-TO-DATE
> Task :core:vault:ktlintAndroidMainSourceSetCheck UP-TO-DATE
> Task :core:vault:runKtlintCheckOverJvmMainSourceSet NO-SOURCE
> Task :core:vault:ktlintCommonMainSourceSetCheck UP-TO-DATE
> Task :core:testing:runKtlintCheckOverKotlinScripts UP-TO-DATE
> Task :app:processDebugResources UP-TO-DATE
> Task :core:vault:ktlintJvmMainSourceSetCheck SKIPPED
> Task :core:vault:runKtlintCheckOverCommonTestSourceSet UP-TO-DATE
> Task :feature:f01-onboarding:loadKtlintReporters UP-TO-DATE
> Task :core:testing:ktlintKotlinScriptCheck UP-TO-DATE
> Task :core:testing:ktlintCheck UP-TO-DATE
> Task :feature:f01-onboarding:runKtlintCheckOverAndroidTestDebugSourceSet NO-SOURCE
> Task :feature:f01-onboarding:ktlintAndroidTestDebugSourceSetCheck SKIPPED
> Task :core:vault:runKtlintCheckOverJvmTestSourceSet UP-TO-DATE
> Task :feature:f01-onboarding:runKtlintCheckOverAndroidTestReleaseSourceSet NO-SOURCE
> Task :feature:f01-onboarding:runKtlintCheckOverAndroidTestSourceSet NO-SOURCE
> Task :feature:f01-onboarding:ktlintAndroidTestSourceSetCheck SKIPPED
> Task :core:vault:ktlintCommonTestSourceSetCheck UP-TO-DATE
> Task :core:vault:ktlintJvmTestSourceSetCheck UP-TO-DATE
> Task :feature:f01-onboarding:ktlintAndroidTestReleaseSourceSetCheck SKIPPED
> Task :feature:f01-onboarding:runKtlintCheckOverDebugSourceSet NO-SOURCE
> Task :feature:f01-onboarding:ktlintDebugSourceSetCheck SKIPPED
> Task :feature:f01-onboarding:runKtlintCheckOverReleaseSourceSet NO-SOURCE
> Task :feature:f01-onboarding:runKtlintCheckOverTestDebugSourceSet NO-SOURCE
> Task :feature:f01-onboarding:ktlintTestDebugSourceSetCheck SKIPPED
> Task :feature:f01-onboarding:ktlintReleaseSourceSetCheck SKIPPED
> Task :feature:f01-onboarding:runKtlintCheckOverTestFixturesDebugSourceSet NO-SOURCE
> Task :feature:f01-onboarding:ktlintTestFixturesDebugSourceSetCheck SKIPPED
> Task :core:vault:runKtlintCheckOverKotlinScripts UP-TO-DATE
> Task :feature:f01-onboarding:runKtlintCheckOverMainSourceSet UP-TO-DATE
> Task :feature:f01-onboarding:runKtlintCheckOverTestFixturesSourceSet NO-SOURCE
> Task :feature:f01-onboarding:runKtlintCheckOverTestFixturesReleaseSourceSet NO-SOURCE
> Task :feature:f01-onboarding:ktlintTestFixturesReleaseSourceSetCheck SKIPPED
> Task :feature:f01-onboarding:ktlintTestFixturesSourceSetCheck SKIPPED
> Task :feature:f01-onboarding:ktlintMainSourceSetCheck UP-TO-DATE
> Task :core:vault:ktlintKotlinScriptCheck UP-TO-DATE
> Task :feature:f01-onboarding:runKtlintCheckOverTestReleaseSourceSet NO-SOURCE
> Task :core:vault:ktlintCheck UP-TO-DATE
> Task :feature:f01-onboarding:ktlintTestReleaseSourceSetCheck SKIPPED
> Task :feature:f02-food:loadKtlintReporters UP-TO-DATE
> Task :feature:f01-onboarding:runKtlintCheckOverKotlinScripts UP-TO-DATE
> Task :feature:f02-food:runKtlintCheckOverAndroidTestDebugSourceSet NO-SOURCE
> Task :feature:f02-food:ktlintAndroidTestDebugSourceSetCheck SKIPPED
> Task :feature:f04-shopping:loadKtlintReporters UP-TO-DATE
> Task :feature:f01-onboarding:runKtlintCheckOverTestSourceSet UP-TO-DATE
> Task :feature:f03-planning:loadKtlintReporters UP-TO-DATE
> Task :feature:f02-food:runKtlintCheckOverAndroidTestReleaseSourceSet NO-SOURCE
> Task :feature:f02-food:ktlintAndroidTestReleaseSourceSetCheck SKIPPED
> Task :feature:f01-onboarding:ktlintKotlinScriptCheck UP-TO-DATE
> Task :feature:f01-onboarding:ktlintTestSourceSetCheck UP-TO-DATE
> Task :feature:f01-onboarding:ktlintCheck UP-TO-DATE
> Task :feature:f02-food:runKtlintCheckOverMainSourceSet UP-TO-DATE
> Task :feature:f02-food:ktlintMainSourceSetCheck UP-TO-DATE
> Task :feature:f02-food:runKtlintCheckOverAndroidTestSourceSet NO-SOURCE
> Task :feature:f02-food:ktlintAndroidTestSourceSetCheck SKIPPED
> Task :feature:f02-food:runKtlintCheckOverDebugSourceSet NO-SOURCE
> Task :feature:f02-food:runKtlintCheckOverReleaseSourceSet NO-SOURCE
> Task :feature:f02-food:runKtlintCheckOverTestDebugSourceSet NO-SOURCE
> Task :feature:f02-food:ktlintReleaseSourceSetCheck SKIPPED
> Task :feature:f02-food:ktlintTestDebugSourceSetCheck SKIPPED
> Task :feature:f02-food:runKtlintCheckOverTestFixturesDebugSourceSet NO-SOURCE
> Task :feature:f02-food:ktlintTestFixturesDebugSourceSetCheck SKIPPED
> Task :feature:f02-food:ktlintDebugSourceSetCheck SKIPPED
> Task :feature:f02-food:runKtlintCheckOverTestFixturesReleaseSourceSet NO-SOURCE
> Task :feature:f02-food:ktlintTestFixturesReleaseSourceSetCheck SKIPPED
> Task :feature:f02-food:runKtlintCheckOverTestFixturesSourceSet NO-SOURCE
> Task :feature:f02-food:ktlintTestFixturesSourceSetCheck SKIPPED
> Task :feature:f03-planning:runKtlintCheckOverAndroidTestDebugSourceSet NO-SOURCE
> Task :feature:f03-planning:ktlintAndroidTestDebugSourceSetCheck SKIPPED
> Task :feature:f02-food:runKtlintCheckOverTestReleaseSourceSet NO-SOURCE
> Task :feature:f02-food:ktlintTestReleaseSourceSetCheck SKIPPED
> Task :feature:f03-planning:runKtlintCheckOverAndroidTestSourceSet NO-SOURCE
> Task :feature:f03-planning:runKtlintCheckOverAndroidTestReleaseSourceSet NO-SOURCE
> Task :feature:f03-planning:runKtlintCheckOverDebugSourceSet NO-SOURCE
> Task :feature:f03-planning:ktlintAndroidTestSourceSetCheck SKIPPED
> Task :feature:f02-food:runKtlintCheckOverKotlinScripts UP-TO-DATE
> Task :feature:f03-planning:ktlintDebugSourceSetCheck SKIPPED
> Task :feature:f03-planning:ktlintAndroidTestReleaseSourceSetCheck SKIPPED
> Task :feature:f02-food:runKtlintCheckOverTestSourceSet UP-TO-DATE
> Task :feature:f03-planning:runKtlintCheckOverReleaseSourceSet NO-SOURCE
> Task :feature:f03-planning:ktlintReleaseSourceSetCheck SKIPPED
> Task :feature:f02-food:ktlintTestSourceSetCheck UP-TO-DATE
> Task :feature:f02-food:ktlintKotlinScriptCheck UP-TO-DATE
> Task :feature:f03-planning:runKtlintCheckOverTestDebugSourceSet NO-SOURCE
> Task :feature:f03-planning:runKtlintCheckOverMainSourceSet UP-TO-DATE
> Task :feature:f03-planning:ktlintTestDebugSourceSetCheck SKIPPED
> Task :feature:f02-food:ktlintCheck UP-TO-DATE
> Task :feature:f03-planning:runKtlintCheckOverTestFixturesDebugSourceSet NO-SOURCE
> Task :feature:f03-planning:ktlintTestFixturesDebugSourceSetCheck SKIPPED
> Task :feature:f03-planning:runKtlintCheckOverTestFixturesSourceSet NO-SOURCE
> Task :feature:f03-planning:runKtlintCheckOverTestFixturesReleaseSourceSet NO-SOURCE
> Task :feature:f03-planning:ktlintMainSourceSetCheck UP-TO-DATE
> Task :feature:f03-planning:runKtlintCheckOverTestReleaseSourceSet NO-SOURCE
> Task :feature:f03-planning:ktlintTestFixturesSourceSetCheck SKIPPED
> Task :feature:f04-shopping:runKtlintCheckOverAndroidTestDebugSourceSet NO-SOURCE
> Task :feature:f04-shopping:ktlintAndroidTestDebugSourceSetCheck SKIPPED
> Task :feature:f03-planning:ktlintTestFixturesReleaseSourceSetCheck SKIPPED
> Task :feature:f03-planning:runKtlintCheckOverKotlinScripts UP-TO-DATE
> Task :feature:f03-planning:ktlintTestReleaseSourceSetCheck SKIPPED
> Task :feature:f04-shopping:runKtlintCheckOverAndroidTestReleaseSourceSet NO-SOURCE
> Task :feature:f03-planning:runKtlintCheckOverTestSourceSet UP-TO-DATE
> Task :feature:f04-shopping:runKtlintCheckOverAndroidTestSourceSet NO-SOURCE
> Task :feature:f04-shopping:runKtlintCheckOverDebugSourceSet NO-SOURCE
> Task :feature:f04-shopping:ktlintDebugSourceSetCheck SKIPPED
> Task :feature:f04-shopping:ktlintAndroidTestReleaseSourceSetCheck SKIPPED
> Task :feature:f04-shopping:ktlintAndroidTestSourceSetCheck SKIPPED
> Task :feature:f03-planning:ktlintTestSourceSetCheck UP-TO-DATE
> Task :feature:f03-planning:ktlintKotlinScriptCheck UP-TO-DATE
> Task :feature:f04-shopping:runKtlintCheckOverReleaseSourceSet NO-SOURCE
> Task :feature:f04-shopping:runKtlintCheckOverMainSourceSet UP-TO-DATE
> Task :feature:f03-planning:ktlintCheck UP-TO-DATE
> Task :feature:f04-shopping:ktlintReleaseSourceSetCheck SKIPPED
> Task :feature:f04-shopping:runKtlintCheckOverTestFixturesReleaseSourceSet NO-SOURCE
> Task :feature:f04-shopping:ktlintTestFixturesReleaseSourceSetCheck SKIPPED
> Task :feature:f04-shopping:runKtlintCheckOverTestFixturesDebugSourceSet NO-SOURCE
> Task :feature:f04-shopping:ktlintTestFixturesDebugSourceSetCheck SKIPPED
> Task :feature:f04-shopping:ktlintMainSourceSetCheck UP-TO-DATE
> Task :feature:f04-shopping:runKtlintCheckOverTestDebugSourceSet NO-SOURCE
> Task :feature:f04-shopping:runKtlintCheckOverTestFixturesSourceSet NO-SOURCE
> Task :feature:f04-shopping:ktlintTestDebugSourceSetCheck SKIPPED
> Task :feature:f04-shopping:runKtlintCheckOverTestReleaseSourceSet NO-SOURCE
> Task :feature:f04-shopping:runKtlintCheckOverKotlinScripts UP-TO-DATE
> Task :feature:f04-shopping:ktlintTestReleaseSourceSetCheck SKIPPED
> Task :feature:f04-shopping:ktlintTestFixturesSourceSetCheck SKIPPED
> Task :feature:f04-shopping:runKtlintCheckOverTestSourceSet UP-TO-DATE
> Task :feature:f04-shopping:ktlintKotlinScriptCheck UP-TO-DATE
> Task :feature:f06-weight:loadKtlintReporters UP-TO-DATE
> Task :feature:f10-daily-hub:loadKtlintReporters UP-TO-DATE
> Task :feature:f13-vault:loadKtlintReporters UP-TO-DATE
> Task :feature:f12-consent:loadKtlintReporters UP-TO-DATE
> Task :feature:f06-weight:runKtlintCheckOverAndroidTestSourceSet NO-SOURCE
> Task :feature:f06-weight:ktlintAndroidTestSourceSetCheck SKIPPED
> Task :feature:f06-weight:runKtlintCheckOverDebugSourceSet NO-SOURCE
> Task :feature:f06-weight:ktlintDebugSourceSetCheck SKIPPED
> Task :feature:f06-weight:runKtlintCheckOverAndroidTestReleaseSourceSet NO-SOURCE
> Task :feature:f06-weight:ktlintAndroidTestReleaseSourceSetCheck SKIPPED
> Task :feature:f04-shopping:ktlintTestSourceSetCheck UP-TO-DATE
> Task :feature:f06-weight:runKtlintCheckOverAndroidTestDebugSourceSet NO-SOURCE
> Task :feature:f06-weight:ktlintAndroidTestDebugSourceSetCheck SKIPPED
> Task :feature:f04-shopping:ktlintCheck UP-TO-DATE
> Task :feature:f06-weight:runKtlintCheckOverReleaseSourceSet NO-SOURCE
> Task :feature:f06-weight:runKtlintCheckOverTestDebugSourceSet NO-SOURCE
> Task :feature:f06-weight:ktlintReleaseSourceSetCheck SKIPPED
> Task :feature:f06-weight:ktlintTestDebugSourceSetCheck SKIPPED
> Task :feature:f06-weight:runKtlintCheckOverTestFixturesReleaseSourceSet NO-SOURCE
> Task :feature:f06-weight:runKtlintCheckOverTestFixturesSourceSet NO-SOURCE
> Task :feature:f06-weight:ktlintTestFixturesReleaseSourceSetCheck SKIPPED
> Task :feature:f06-weight:ktlintTestFixturesSourceSetCheck SKIPPED
> Task :feature:f06-weight:runKtlintCheckOverTestFixturesDebugSourceSet NO-SOURCE
> Task :feature:f06-weight:runKtlintCheckOverTestReleaseSourceSet NO-SOURCE
> Task :feature:f06-weight:ktlintTestReleaseSourceSetCheck SKIPPED
> Task :feature:f06-weight:ktlintTestFixturesDebugSourceSetCheck SKIPPED
> Task :feature:f10-daily-hub:runKtlintCheckOverAndroidTestDebugSourceSet NO-SOURCE
> Task :feature:f10-daily-hub:ktlintAndroidTestDebugSourceSetCheck SKIPPED
> Task :feature:f10-daily-hub:runKtlintCheckOverAndroidTestReleaseSourceSet NO-SOURCE
> Task :feature:f06-weight:runKtlintCheckOverTestSourceSet UP-TO-DATE
> Task :feature:f10-daily-hub:runKtlintCheckOverAndroidTestSourceSet NO-SOURCE
> Task :feature:f10-daily-hub:ktlintAndroidTestSourceSetCheck SKIPPED
> Task :feature:f10-daily-hub:ktlintAndroidTestReleaseSourceSetCheck SKIPPED
> Task :feature:f10-daily-hub:runKtlintCheckOverDebugSourceSet NO-SOURCE
> Task :feature:f10-daily-hub:ktlintDebugSourceSetCheck SKIPPED
> Task :feature:f06-weight:ktlintTestSourceSetCheck UP-TO-DATE
> Task :feature:f10-daily-hub:runKtlintCheckOverReleaseSourceSet NO-SOURCE
> Task :feature:f10-daily-hub:ktlintReleaseSourceSetCheck SKIPPED
> Task :feature:f10-daily-hub:runKtlintCheckOverTestDebugSourceSet NO-SOURCE
> Task :feature:f06-weight:runKtlintCheckOverKotlinScripts UP-TO-DATE
> Task :feature:f10-daily-hub:ktlintTestDebugSourceSetCheck SKIPPED
> Task :feature:f10-daily-hub:runKtlintCheckOverMainSourceSet UP-TO-DATE
> Task :feature:f06-weight:ktlintKotlinScriptCheck UP-TO-DATE
> Task :feature:f10-daily-hub:ktlintMainSourceSetCheck UP-TO-DATE
> Task :feature:f10-daily-hub:runKtlintCheckOverTestFixturesDebugSourceSet NO-SOURCE
> Task :feature:f10-daily-hub:ktlintTestFixturesDebugSourceSetCheck SKIPPED
> Task :feature:f10-daily-hub:runKtlintCheckOverTestFixturesReleaseSourceSet NO-SOURCE
> Task :feature:f10-daily-hub:runKtlintCheckOverTestReleaseSourceSet NO-SOURCE
> Task :feature:f10-daily-hub:ktlintTestReleaseSourceSetCheck SKIPPED
> Task :feature:f10-daily-hub:runKtlintCheckOverTestFixturesSourceSet NO-SOURCE
> Task :feature:f10-daily-hub:ktlintTestFixturesReleaseSourceSetCheck SKIPPED
> Task :feature:f10-daily-hub:ktlintTestFixturesSourceSetCheck SKIPPED
> Task :feature:f10-daily-hub:runKtlintCheckOverKotlinScripts UP-TO-DATE
> Task :feature:f12-consent:runKtlintCheckOverAndroidTestReleaseSourceSet NO-SOURCE
> Task :feature:f12-consent:ktlintAndroidTestReleaseSourceSetCheck SKIPPED
> Task :feature:f10-daily-hub:ktlintKotlinScriptCheck UP-TO-DATE
> Task :feature:f12-consent:runKtlintCheckOverAndroidTestSourceSet NO-SOURCE
> Task :feature:f10-daily-hub:runKtlintCheckOverTestSourceSet UP-TO-DATE
> Task :feature:f12-consent:runKtlintCheckOverAndroidTestDebugSourceSet NO-SOURCE
> Task :feature:f12-consent:ktlintAndroidTestDebugSourceSetCheck SKIPPED
> Task :feature:f10-daily-hub:ktlintTestSourceSetCheck UP-TO-DATE
> Task :feature:f10-daily-hub:ktlintCheck UP-TO-DATE
> Task :feature:f12-consent:runKtlintCheckOverDebugSourceSet NO-SOURCE
> Task :feature:f12-consent:ktlintDebugSourceSetCheck SKIPPED
> Task :feature:f12-consent:ktlintAndroidTestSourceSetCheck SKIPPED
> Task :feature:f12-consent:runKtlintCheckOverMainSourceSet UP-TO-DATE
> Task :feature:f12-consent:runKtlintCheckOverReleaseSourceSet NO-SOURCE
> Task :feature:f12-consent:runKtlintCheckOverKotlinScripts UP-TO-DATE
> Task :feature:f12-consent:ktlintReleaseSourceSetCheck SKIPPED
> Task :feature:f12-consent:runKtlintCheckOverTestDebugSourceSet NO-SOURCE
> Task :feature:f12-consent:ktlintTestDebugSourceSetCheck SKIPPED
> Task :feature:f12-consent:ktlintMainSourceSetCheck UP-TO-DATE
> Task :feature:f12-consent:runKtlintCheckOverTestFixturesDebugSourceSet NO-SOURCE
> Task :feature:f12-consent:ktlintTestFixturesDebugSourceSetCheck SKIPPED
> Task :feature:f12-consent:ktlintKotlinScriptCheck UP-TO-DATE
> Task :feature:f12-consent:runKtlintCheckOverTestFixturesReleaseSourceSet NO-SOURCE
> Task :feature:f12-consent:runKtlintCheckOverTestFixturesSourceSet NO-SOURCE
> Task :feature:f12-consent:ktlintTestFixturesReleaseSourceSetCheck SKIPPED
> Task :feature:f12-consent:ktlintTestFixturesSourceSetCheck SKIPPED
> Task :feature:f12-consent:runKtlintCheckOverTestReleaseSourceSet NO-SOURCE
> Task :feature:f12-consent:ktlintTestReleaseSourceSetCheck SKIPPED
> Task :feature:f12-consent:runKtlintCheckOverTestSourceSet NO-SOURCE
> Task :feature:f13-vault:runKtlintCheckOverAndroidTestDebugSourceSet NO-SOURCE
> Task :feature:f13-vault:runKtlintCheckOverAndroidTestReleaseSourceSet NO-SOURCE
> Task :feature:f13-vault:ktlintAndroidTestDebugSourceSetCheck SKIPPED
> Task :feature:f13-vault:ktlintAndroidTestReleaseSourceSetCheck SKIPPED
> Task :feature:f13-vault:runKtlintCheckOverAndroidTestSourceSet NO-SOURCE
> Task :feature:f13-vault:ktlintAndroidTestSourceSetCheck SKIPPED
> Task :feature:f13-vault:runKtlintCheckOverDebugSourceSet NO-SOURCE
> Task :feature:f13-vault:ktlintDebugSourceSetCheck SKIPPED
> Task :feature:f13-vault:runKtlintCheckOverMainSourceSet UP-TO-DATE
> Task :feature:f12-consent:ktlintTestSourceSetCheck SKIPPED
> Task :feature:f12-consent:ktlintCheck UP-TO-DATE
> Task :feature:f13-vault:runKtlintCheckOverReleaseSourceSet NO-SOURCE
> Task :feature:f13-vault:runKtlintCheckOverKotlinScripts UP-TO-DATE
> Task :feature:f13-vault:ktlintMainSourceSetCheck UP-TO-DATE
> Task :feature:f13-vault:ktlintReleaseSourceSetCheck SKIPPED
> Task :feature:f13-vault:runKtlintCheckOverTestDebugSourceSet NO-SOURCE
> Task :feature:f13-vault:ktlintTestDebugSourceSetCheck SKIPPED
> Task :feature:f13-vault:runKtlintCheckOverTestFixturesDebugSourceSet NO-SOURCE
> Task :feature:f13-vault:runKtlintCheckOverTestFixturesSourceSet NO-SOURCE
> Task :feature:f13-vault:ktlintTestFixturesDebugSourceSetCheck SKIPPED
> Task :feature:f13-vault:ktlintTestFixturesSourceSetCheck SKIPPED
> Task :feature:f13-vault:ktlintKotlinScriptCheck UP-TO-DATE
> Task :feature:f13-vault:runKtlintCheckOverTestReleaseSourceSet NO-SOURCE
> Task :feature:f13-vault:runKtlintCheckOverTestSourceSet UP-TO-DATE
> Task :feature:f13-vault:runKtlintCheckOverTestFixturesReleaseSourceSet NO-SOURCE
> Task :feature:f13-vault:ktlintTestReleaseSourceSetCheck SKIPPED
> Task :feature:f13-vault:ktlintTestFixturesReleaseSourceSetCheck SKIPPED
> Task :feature:f13-vault:ktlintTestSourceSetCheck UP-TO-DATE
> Task :feature:f13-vault:ktlintCheck UP-TO-DATE
> Task :core:ai:detekt NO-SOURCE
> Task :core:common:detekt NO-SOURCE
> Task :core:data:detekt NO-SOURCE
> Task :core:consent:detekt NO-SOURCE
> Task :core:database:detekt NO-SOURCE
> Task :benchmarks:detekt UP-TO-DATE
> Task :app:detekt UP-TO-DATE
> Task :core:documents:detekt NO-SOURCE
> Task :core:datastore:detekt NO-SOURCE
> Task :core:model:detekt NO-SOURCE
> Task :core:engines:detekt NO-SOURCE
> Task :core:ports:detekt NO-SOURCE
> Task :core:testing:detekt NO-SOURCE
> Task :core:media:detekt UP-TO-DATE
> Task :core:vault:detekt NO-SOURCE
> Task :core:network:detekt UP-TO-DATE
> Task :feature:f01-onboarding:detekt UP-TO-DATE
> Task :feature:f02-food:detekt UP-TO-DATE
> Task :feature:f03-planning:detekt UP-TO-DATE
> Task :feature:f04-shopping:detekt UP-TO-DATE
> Task :feature:f12-consent:detekt UP-TO-DATE
> Task :feature:f10-daily-hub:detekt UP-TO-DATE
> Task :checkResolvedEgressDependencies
> Task :app:preReleaseBuild UP-TO-DATE
> Task :app:createReleaseCompatibleScreenManifests UP-TO-DATE
> Task :app:extractDeepLinksRelease UP-TO-DATE
> Task :feature:f13-vault:detekt UP-TO-DATE
> Task :core:designsystem:preReleaseBuild UP-TO-DATE
> Task :core:media:preReleaseBuild UP-TO-DATE
> Task :core:media:extractDeepLinksRelease UP-TO-DATE
> Task :core:designsystem:extractDeepLinksRelease UP-TO-DATE
> Task :core:designsystem:processReleaseManifest UP-TO-DATE
> Task :core:network:preReleaseBuild UP-TO-DATE
> Task :core:media:processReleaseManifest UP-TO-DATE
> Task :core:network:extractDeepLinksRelease UP-TO-DATE
> Task :feature:f01-onboarding:preReleaseBuild UP-TO-DATE
> Task :feature:f01-onboarding:extractDeepLinksRelease UP-TO-DATE
> Task :core:network:processReleaseManifest UP-TO-DATE
> Task :feature:f02-food:preReleaseBuild UP-TO-DATE
> Task :feature:f02-food:extractDeepLinksRelease UP-TO-DATE
> Task :feature:f01-onboarding:processReleaseManifest UP-TO-DATE
> Task :feature:f03-planning:preReleaseBuild UP-TO-DATE
> Task :feature:f03-planning:extractDeepLinksRelease UP-TO-DATE
> Task :feature:f02-food:processReleaseManifest UP-TO-DATE
> Task :feature:f04-shopping:preReleaseBuild UP-TO-DATE
> Task :feature:f03-planning:processReleaseManifest UP-TO-DATE
> Task :feature:f04-shopping:processReleaseManifest UP-TO-DATE
> Task :feature:f06-weight:preReleaseBuild UP-TO-DATE
> Task :feature:f06-weight:extractDeepLinksRelease UP-TO-DATE
> Task :feature:f06-weight:processReleaseManifest UP-TO-DATE
> Task :feature:f10-daily-hub:preReleaseBuild UP-TO-DATE
> Task :feature:f10-daily-hub:extractDeepLinksRelease UP-TO-DATE
> Task :feature:f10-daily-hub:processReleaseManifest UP-TO-DATE
> Task :feature:f12-consent:preReleaseBuild UP-TO-DATE
> Task :feature:f12-consent:extractDeepLinksRelease UP-TO-DATE
> Task :feature:f04-shopping:extractDeepLinksRelease UP-TO-DATE
> Task :feature:f12-consent:processReleaseManifest UP-TO-DATE
> Task :feature:f13-vault:preReleaseBuild UP-TO-DATE
> Task :feature:f13-vault:extractDeepLinksRelease UP-TO-DATE
> Task :benchmarks:checkResolvedEgressDependencies
> Task :core:checkResolvedEgressDependencies
> Task :feature:checkResolvedEgressDependencies
> Task :feature:f13-vault:processReleaseManifest UP-TO-DATE
> Task :core:ai:checkResolvedEgressDependencies
> Task :core:common:checkResolvedEgressDependencies
> Task :core:consent:checkResolvedEgressDependencies
> Task :core:data:checkResolvedEgressDependencies
> Task :core:database:checkResolvedEgressDependencies
> Task :core:datastore:checkResolvedEgressDependencies
> Task :app:processReleaseMainManifest UP-TO-DATE
> Task :app:processReleaseManifest UP-TO-DATE
> Task :core:designsystem:checkResolvedEgressDependencies
> Task :core:documents:checkResolvedEgressDependencies
> Task :core:engines:checkResolvedEgressDependencies
> Task :core:media:checkResolvedEgressDependencies
> Task :core:model:checkResolvedEgressDependencies
> Task :core:ports:checkResolvedEgressDependencies
> Task :core:testing:checkResolvedEgressDependencies
> Task :core:vault:checkResolvedEgressDependencies

> Task :app:checkMergedManifest
checkMergedManifest: debug + release manifests enforce D4 INTERNET and D10 no implicit backup/transfer; legacy and Android 12+ extraction rules exclude all 9 domains.

> Task :feature:f01-onboarding:checkResolvedEgressDependencies
> Task :app:ktlintMainSourceSetCheck
> Task :app:ktlintCheck
> Task :feature:f02-food:checkResolvedEgressDependencies
> Task :feature:f04-shopping:checkResolvedEgressDependencies
> Task :feature:f10-daily-hub:checkResolvedEgressDependencies
> Task :feature:f03-planning:checkResolvedEgressDependencies
> Task :feature:f06-weight:checkResolvedEgressDependencies
> Task :feature:f12-consent:checkResolvedEgressDependencies
> Task :feature:f13-vault:checkResolvedEgressDependencies

> Task :checkArchitecture
checkArchitecture: OK — 28 projects, D1–D7 + D9 clean (169 dependency edges, 719 external artifacts scanned). uiAtoms: mode=enforce, 0 violation(s) across 0 module(s) (-Pwlo.uiAtoms=warn|enforce; WLO-0063).

> Task :core:designsystem:detekt
> Task :feature:f06-weight:detekt
> Task :core:designsystem:compileDebugKotlin
> Task :core:designsystem:processDebugJavaRes UP-TO-DATE
> Task :core:designsystem:compileDebugJavaWithJavac NO-SOURCE
> Task :core:designsystem:bundleLibRuntimeToDirDebug
> Task :core:designsystem:bundleLibCompileToJarDebug
> Task :core:designsystem:bundleLibRuntimeToJarDebug
> Task :feature:f02-food:compileDebugKotlin UP-TO-DATE
> Task :feature:f03-planning:compileDebugKotlin UP-TO-DATE
> Task :feature:f02-food:compileDebugJavaWithJavac NO-SOURCE
> Task :feature:f03-planning:compileDebugJavaWithJavac NO-SOURCE
> Task :feature:f04-shopping:compileDebugKotlin UP-TO-DATE
> Task :feature:f04-shopping:compileDebugJavaWithJavac NO-SOURCE
> Task :feature:f02-food:bundleLibCompileToJarDebug UP-TO-DATE
> Task :feature:f01-onboarding:compileDebugKotlin UP-TO-DATE
> Task :feature:f04-shopping:bundleLibCompileToJarDebug UP-TO-DATE
> Task :feature:f03-planning:bundleLibCompileToJarDebug UP-TO-DATE
> Task :feature:f01-onboarding:compileDebugJavaWithJavac NO-SOURCE
> Task :feature:f01-onboarding:bundleLibCompileToJarDebug UP-TO-DATE
> Task :feature:f01-onboarding:processDebugJavaRes UP-TO-DATE
> Task :feature:f13-vault:compileDebugKotlin UP-TO-DATE
> Task :feature:f02-food:processDebugJavaRes UP-TO-DATE
> Task :feature:f13-vault:compileDebugJavaWithJavac NO-SOURCE
> Task :feature:f13-vault:bundleLibCompileToJarDebug UP-TO-DATE
> Task :feature:f04-shopping:processDebugJavaRes UP-TO-DATE
> Task :feature:f03-planning:processDebugJavaRes UP-TO-DATE
> Task :feature:f12-consent:compileDebugKotlin UP-TO-DATE
> Task :feature:f13-vault:processDebugJavaRes UP-TO-DATE
> Task :feature:f01-onboarding:bundleLibRuntimeToDirDebug UP-TO-DATE
> Task :feature:f12-consent:compileDebugJavaWithJavac NO-SOURCE
> Task :feature:f12-consent:bundleLibCompileToJarDebug UP-TO-DATE
> Task :feature:f12-consent:processDebugJavaRes UP-TO-DATE
> Task :feature:f03-planning:bundleLibRuntimeToDirDebug UP-TO-DATE
> Task :feature:f02-food:bundleLibRuntimeToDirDebug UP-TO-DATE
> Task :feature:f04-shopping:bundleLibRuntimeToDirDebug UP-TO-DATE
> Task :feature:f12-consent:bundleLibRuntimeToDirDebug UP-TO-DATE
> Task :feature:f13-vault:bundleLibRuntimeToDirDebug UP-TO-DATE
> Task :feature:f10-daily-hub:compileDebugKotlin UP-TO-DATE
> Task :feature:f01-onboarding:bundleLibRuntimeToJarDebug UP-TO-DATE
> Task :feature:f10-daily-hub:compileDebugJavaWithJavac NO-SOURCE
> Task :feature:f02-food:bundleLibRuntimeToJarDebug UP-TO-DATE
> Task :feature:f10-daily-hub:bundleLibCompileToJarDebug UP-TO-DATE
> Task :feature:f10-daily-hub:bundleLibRuntimeToDirDebug UP-TO-DATE
> Task :feature:f10-daily-hub:processDebugJavaRes UP-TO-DATE
> Task :feature:f04-shopping:bundleLibRuntimeToJarDebug UP-TO-DATE
> Task :feature:f03-planning:bundleLibRuntimeToJarDebug UP-TO-DATE
> Task :feature:f10-daily-hub:bundleLibRuntimeToJarDebug UP-TO-DATE
> Task :feature:f12-consent:bundleLibRuntimeToJarDebug UP-TO-DATE
> Task :feature:f13-vault:bundleLibRuntimeToJarDebug UP-TO-DATE
> Task :core:designsystem:compileDebugUnitTestKotlin UP-TO-DATE
> Task :core:designsystem:compileDebugUnitTestJavaWithJavac NO-SOURCE
> Task :core:designsystem:processDebugUnitTestJavaRes UP-TO-DATE
> Task :core:designsystem:testDebugUnitTest
> Task :feature:f06-weight:compileDebugKotlin
> Task :feature:f06-weight:compileDebugJavaWithJavac NO-SOURCE
> Task :feature:f06-weight:processDebugJavaRes UP-TO-DATE
> Task :feature:f06-weight:bundleLibRuntimeToJarDebug
> Task :feature:f06-weight:bundleLibCompileToJarDebug
> Task :feature:f06-weight:bundleLibRuntimeToDirDebug
> Task :app:compileDebugKotlin UP-TO-DATE
> Task :app:processDebugJavaRes UP-TO-DATE
> Task :app:compileDebugJavaWithJavac NO-SOURCE
> Task :app:dexBuilderDebug UP-TO-DATE
> Task :app:mergeProjectDexDebug UP-TO-DATE
> Task :app:mergeDebugJavaResource UP-TO-DATE
> Task :app:bundleDebugClassesToCompileJar
> Task :app:bundleDebugClassesToRuntimeJar
> Task :feature:f06-weight:compileDebugUnitTestKotlin
> Task :feature:f06-weight:compileDebugUnitTestJavaWithJavac NO-SOURCE
> Task :feature:f06-weight:processDebugUnitTestJavaRes UP-TO-DATE
> Task :app:compileDebugUnitTestKotlin
> Task :app:compileDebugUnitTestJavaWithJavac NO-SOURCE
> Task :app:processDebugUnitTestJavaRes UP-TO-DATE
> Task :core:designsystem:runKtlintCheckOverMainSourceSet
> Task :core:designsystem:ktlintMainSourceSetCheck
> Task :core:designsystem:ktlintCheck
> Task :app:mergeLibDexDebug
> Task :feature:f06-weight:runKtlintCheckOverMainSourceSet
> Task :feature:f06-weight:ktlintMainSourceSetCheck UP-TO-DATE
> Task :feature:f06-weight:ktlintCheck UP-TO-DATE

> Task :feature:f06-weight:testDebugUnitTest FAILED

BodyFatViewModelTest > editing a restored committed draft starts a new operation FAILED
    java.lang.AssertionError at BodyFatViewModelTest.kt:81

42 tests completed, 1 failed

> Task :app:packageDebug
> Task :app:createDebugApkListingFileRedirect UP-TO-DATE
> Task :app:testDebugUnitTest

FAILURE: Build failed with an exception.

* What went wrong:
Execution failed for task ':feature:f06-weight:testDebugUnitTest'.
> There were failing tests. See the report at: file:///Users/boyd/wip/wloss/feature/f06-weight/build/reports/tests/testDebugUnitTest/index.html

* Try:
> Run with --scan to get full insights from a Build Scan (powered by Develocity).

BUILD FAILED in 6s
584 actionable tasks: 63 executed, 521 up-to-date
Configuration cache entry reused.
